========== New Cold Start Attempt (2026-08-07T02:32:19.4437522+00:00) ==========
2026-08-07T02:32:19.4437522+00:00 ContainerStream: [Previous Container]       Executed DbCommand (30ms) [Parameters=[@__objectId_0='?' (Size = 100)], CommandType='Text', CommandTimeout='30']
2026-08-07T02:32:19.4437641+00:00 ContainerStream: [Previous Container]       SELECT TOP(1) [e].[Id], [e].[BankAccountNumber], [e].[BankName], [e].[DefaultCostCentreCode], [e].[DepartmentId], [e].[Email], [e].[EntraObjectId], [e].[FullName], [e].[Grade], [e].[IsActive], [e].[LineManagerId], [e].[StaffNumber]
2026-08-07T02:32:19.4437691+00:00 ContainerStream: [Previous Container]       FROM [Employees] AS [e]
2026-08-07T02:32:19.4437771+00:00 ContainerStream: [Previous Container]       WHERE [e].[EntraObjectId] = @__objectId_0
2026-08-07T02:32:19.4584525+00:00 ContainerStream: [Previous Container] fail: Microsoft.AspNetCore.Diagnostics.ExceptionHandlerMiddleware[1]
2026-08-07T02:32:19.4585061+00:00 ContainerStream: [Previous Container]       An unhandled exception has occurred while executing the request.
2026-08-07T02:32:19.4590562+00:00 ContainerStream: [Previous Container]       Desicon.Workflow.Api.Security.UnprovisionedUserException: No active Employee record is linked to Entra object id 'bc783418-e761-402c-9e6f-41637a51b4fc'.
2026-08-07T02:32:19.4590955+00:00 ContainerStream: [Previous Container]          at Desicon.Workflow.Api.Security.CurrentUserAccessor.GetEmployeeAsync(CancellationToken cancellationToken) in /src/src/Desicon.Workflow.Api/Security/CurrentUserAccessor.cs:line 39
2026-08-07T02:32:19.4594819+00:00 ContainerStream: [Previous Container]          at Desicon.Workflow.Api.Endpoints.RequestEndpoints.GetInboxAsync(WorkflowDbContext db, InboxStateIndex inboxIndex, ICurrentUserAccessor currentUser, CancellationToken cancellationToken) in /src/src/Desicon.Workflow.Api/Endpoints/RequestEndpoints.cs:line 415
2026-08-07T02:32:19.4599234+00:00 ContainerStream: [Previous Container]          at Microsoft.AspNetCore.Http.RequestDelegateFactory.ExecuteTaskResult[T](Task`1 task, HttpContext httpContext)
2026-08-07T02:32:19.4603262+00:00 ContainerStream: [Previous Container]          at Microsoft.AspNetCore.RateLimiting.RateLimitingMiddleware.InvokeInternal(HttpContext context, EnableRateLimitingAttribute enableRateLimitingAttribute)
2026-08-07T02:32:19.4603457+00:00 ContainerStream: [Previous Container]          at Microsoft.AspNetCore.Authorization.AuthorizationMiddleware.Invoke(HttpContext context)
2026-08-07T02:32:19.4603511+00:00 ContainerStream: [Previous Container]          at Microsoft.AspNetCore.Authentication.AuthenticationMiddleware.Invoke(HttpContext context)
2026-08-07T02:32:19.4611269+00:00 ContainerStream: [Previous Container]          at Microsoft.AspNetCore.Diagnostics.ExceptionHandlerMiddlewareImpl.<Invoke>g__Awaited|10_0(ExceptionHandlerMiddlewareImpl middleware, HttpContext context, Task task)
2026-08-07T02:32:39.1539370+00:00 ContainerStatus: State: Stopping, Action: StoppingSite, LastError: SiteStartupCancelled, LastErrorTimestamp: 08/05/2026 16:42:18, LastErrorDetails: Site stopped manually or container terminated, Details: Site started at 08/05/2026 16:43:09 (UTC), DetailsLevel: INFO
2026-08-07T02:32:39.1543509+00:00 ContainerStatus: State: Stopping, Action: StoppingSiteContainers, LastError: SiteStartupCancelled, LastErrorTimestamp: 08/05/2026 16:42:18, LastErrorDetails: Site stopped manually or container terminated, Details: Site started at 08/05/2026 16:43:09 (UTC), DetailsLevel: INFO
2026-08-07T02:32:39.1544676+00:00 ContainerStatus: Container is terminating. Grace period: 5 seconds.
2026-08-07T02:32:39.1563349+00:00 ContainerStatus: Stop and delete container. Retry count = 0
2026-08-07T02:32:39.1564207+00:00 ContainerStatus: Stopping container: 4bc386054d19_app-desicon-fw-api-dev.
2026-08-07T02:32:39.1841287+00:00 ContainerStream: [Previous Container] info: Microsoft.Hosting.Lifetime[0]
2026-08-07T02:32:39.1841844+00:00 ContainerStream: [Previous Container]       Application is shutting down...
2026-08-07T02:32:39.2421092+00:00 ContainerStatus: Deleting container: 4bc386054d19_app-desicon-fw-api-dev. Retry count = 0
2026-08-07T02:32:39.2889579+00:00 ContainerStatus: Container spec TerminationMessagePolicy  path 
2026-08-07T02:32:39.2890956+00:00 ContainerStatus: Container is terminated. Total time elapsed: 134 ms.
2026-08-07T02:32:39.6143665+00:00 ContainerStatus: Site: app-desicon-fw-api-dev stopped.
2026-08-07T02:33:00.1750935+00:00 ContainerStatus: State: Starting, Action: EstablishingSiteNetworks, LastError: SiteStartupCancelled, LastErrorTimestamp: 08/07/2026 02:32:18, LastErrorDetails: Site stopped manually or container terminated, Details: Site stopped at 08/07/2026 02:32:19 (UTC), DetailsLevel: WARN
2026-08-07T02:33:00.8525262+00:00 ContainerStatus: State: Starting, Action: StartingMsiContainer, LastError: SiteStartupCancelled, LastErrorTimestamp: 08/07/2026 02:32:18, LastErrorDetails: Site stopped manually or container terminated, Details: Site stopped at 08/07/2026 02:32:19 (UTC), DetailsLevel: WARN
2026-08-07T02:33:04.7662056+00:00 ContainerStatus: State: Starting, Action: StartingSiteContainers, LastError: SiteStartupCancelled, LastErrorTimestamp: 08/07/2026 02:32:18, LastErrorDetails: Site stopped manually or container terminated, Details: Site stopped at 08/07/2026 02:32:19 (UTC), DetailsLevel: WARN
2026-08-07T02:33:04.7663111+00:00 ContainerStatus: Container start method called.
2026-08-07T02:33:04.7663485+00:00 ContainerStatus: State: Starting, Action: PullingImage, LastError: SiteStartupCancelled, LastErrorTimestamp: 08/07/2026 02:32:18, LastErrorDetails: Site stopped manually or container terminated, Details: Pulling image crdesiconfwdev.azurecr.io/finance-workflow-api:baa7407d338d8dd6ed3cd6cf7fc23b5b85db3b6e for app-desicon-fw-api-dev., DetailsLevel: INFO
2026-08-07T02:33:04.7664171+00:00 ContainerStatus: Establishing network.
2026-08-07T02:33:04.7664975+00:00 ContainerStatus: Pulling image: crdesiconfwdev.azurecr.io/finance-workflow-api:baa7407d338d8dd6ed3cd6cf7fc23b5b85db3b6e.
2026-08-07T02:33:06.0994103+00:00 ContainerStatus: Image crdesiconfwdev.azurecr.io/finance-workflow-api:baa7407d338d8dd6ed3cd6cf7fc23b5b85db3b6e is pulled from registry crdesiconfwdev.azurecr.io
2026-08-07T02:33:06.0997193+00:00 ContainerStatus: Container is starting.
2026-08-07T02:33:06.0998398+00:00 ContainerStatus: State: Starting, Action: MountingVolumes, LastError: SiteStartupCancelled, LastErrorTimestamp: 08/07/2026 02:32:18, LastErrorDetails: Site stopped manually or container terminated, Details: Mounting volumes for app-desicon-fw-api-dev., DetailsLevel: INFO
2026-08-07T02:33:06.0999233+00:00 ContainerStatus: Establishing user namespace if not established already.
2026-08-07T02:33:06.0999978+00:00 ContainerStatus: Establishing network if not established already.
2026-08-07T02:33:06.1000812+00:00 ContainerStatus: Mounting volumes.
2026-08-07T02:33:06.1001704+00:00 ContainerStatus: Nested mountpoint volatile/logs
2026-08-07T02:33:06.1040749+00:00 ContainerStatus: Nested mountpoint 
2026-08-07T02:33:06.1046440+00:00 ContainerStatus: Nested mountpoint 
2026-08-07T02:33:06.1157825+00:00 ContainerStatus: State: Starting, Action: CreatingContainer, LastError: SiteStartupCancelled, LastErrorTimestamp: 08/07/2026 02:32:18, LastErrorDetails: Site stopped manually or container terminated, Details: Finished pulling container image and mounting volumes for app-desicon-fw-api-dev. Allocatinng the rest of the container resources to finish container creation., DetailsLevel: INFO
2026-08-07T02:33:06.1158629+00:00 ContainerStatus: Creating container.
2026-08-07T02:33:06.1159198+00:00 ContainerStatus: Creating pipes for streaming container io.
2026-08-07T02:33:06.1159713+00:00 ContainerStatus: Creating stdout named pipe at /podr/container/pipe/8e145a366594_app-desicon-fw-api-dev/stdout_d77b3fa8131142eeb782e91b3e5e58ba.
2026-08-07T02:33:06.1161276+00:00 ContainerStatus: Successfully created stdout named pipe at: /podr/container/pipe/8e145a366594_app-desicon-fw-api-dev/stdout_d77b3fa8131142eeb782e91b3e5e58ba.
2026-08-07T02:33:06.1161842+00:00 ContainerStatus: Opening named pipe /podr/container/pipe/8e145a366594_app-desicon-fw-api-dev/stdout_d77b3fa8131142eeb782e91b3e5e58ba for reading in non-blocking mode.
2026-08-07T02:33:06.1162546+00:00 ContainerStatus: Successfully opened named pipe: /podr/container/pipe/8e145a366594_app-desicon-fw-api-dev/stdout_d77b3fa8131142eeb782e91b3e5e58ba.
2026-08-07T02:33:06.1163063+00:00 ContainerStatus: Successfully removed non-blocking flag from /podr/container/pipe/8e145a366594_app-desicon-fw-api-dev/stdout_d77b3fa8131142eeb782e91b3e5e58ba.
2026-08-07T02:33:06.1191561+00:00 ContainerStatus: Creating stderr named pipe at /podr/container/pipe/8e145a366594_app-desicon-fw-api-dev/stderr_eb0289d0ffc54d28bf311c667dbf8bb0.
2026-08-07T02:33:06.1192758+00:00 ContainerStatus: Successfully created stderr named pipe at: /podr/container/pipe/8e145a366594_app-desicon-fw-api-dev/stderr_eb0289d0ffc54d28bf311c667dbf8bb0.
2026-08-07T02:33:06.1193315+00:00 ContainerStatus: Opening named pipe /podr/container/pipe/8e145a366594_app-desicon-fw-api-dev/stderr_eb0289d0ffc54d28bf311c667dbf8bb0 for reading in non-blocking mode.
2026-08-07T02:33:06.1194120+00:00 ContainerStatus: Successfully opened named pipe: /podr/container/pipe/8e145a366594_app-desicon-fw-api-dev/stderr_eb0289d0ffc54d28bf311c667dbf8bb0.
2026-08-07T02:33:06.1194682+00:00 ContainerStatus: Successfully removed non-blocking flag from /podr/container/pipe/8e145a366594_app-desicon-fw-api-dev/stderr_eb0289d0ffc54d28bf311c667dbf8bb0.
2026-08-07T02:33:06.1195496+00:00 ContainerStatus: Overriding PORT environment variable with port exposed by container image.
2026-08-07T02:33:06.1309141+00:00 ContainerStatus: Container image exposes ports: ContainerExposedPort { Port = 8080, Protocol = TCP }. Sanitized list of ports is: 8080. Resolved main port to 8080.
2026-08-07T02:33:06.1310003+00:00 ContainerStatus: Setting value of PORT variable to 8080
2026-08-07T02:33:06.1311774+00:00 ContainerStatus: Creating container with image: crdesiconfwdev.azurecr.io/finance-workflow-api:baa7407d338d8dd6ed3cd6cf7fc23b5b85db3b6e from registry: crdesiconfwdev.azurecr.io and fully qualified image name: crdesiconfwdev.azurecr.io/finance-workflow-api:baa7407d338d8dd6ed3cd6cf7fc23b5b85db3b6e
2026-08-07T02:33:06.2647767+00:00 ContainerStatus: Starting container: 8e145a366594_app-desicon-fw-api-dev.
2026-08-07T02:33:06.2804974+00:00 ContainerStatus: Starting watchers and probes.
2026-08-07T02:33:06.2829009+00:00 ContainerStatus: Starting metrics collection.
2026-08-07T02:33:06.2830469+00:00 ContainerStatus: Container is running.
2026-08-07T02:33:06.2831221+00:00 ContainerStatus: State: Starting, Action: CreatingContainer, LastError: SiteStartupCancelled, LastErrorTimestamp: 08/07/2026 02:32:18, LastErrorDetails: Site stopped manually or container terminated, Details: Container app-desicon-fw-api-dev successfully created and is running., DetailsLevel: INFO
2026-08-07T02:33:06.3038783+00:00 ContainerStatus: Container start method finished after 1532 ms.
2026-08-07T02:33:06.3131725+00:00 ContainerStatus: State: Starting, Action: InitiatingSiteWarmUpProbe, LastError: SiteStartupCancelled, LastErrorTimestamp: 08/07/2026 02:32:18, LastErrorDetails: Site stopped manually or container terminated, Details: Container app-desicon-fw-api-dev successfully created and is running., DetailsLevel: INFO
2026-08-07T02:33:06.3132078+00:00 ContainerStatus: State: Starting, Action: WaitingForSiteWarmUpProbeSuccess, LastError: SiteStartupCancelled, LastErrorTimestamp: 08/07/2026 02:32:18, LastErrorDetails: Site stopped manually or container terminated, Details: Pinging warmup path to ensure container is ready to receive requests., DetailsLevel: INFO
2026-08-07T02:33:06.5977300+00:00 ContainerStream: warn: Microsoft.AspNetCore.DataProtection.Repositories.FileSystemXmlRepository[60]
2026-08-07T02:33:06.5996097+00:00 ContainerStream:       Storing keys in a directory '/home/app/ASP.NET/DataProtection-Keys' that may not be persisted outside of the container. Protected data will be unavailable when container is destroyed. For more information go to https://aka.ms/aspnet/dataprotectionwarning
2026-08-07T02:33:06.6227877+00:00 ContainerStream: warn: Microsoft.AspNetCore.DataProtection.KeyManagement.XmlKeyManager[35]
2026-08-07T02:33:06.6228661+00:00 ContainerStream:       No XML encryptor configured. Key {05018e2c-3612-4f1c-b1e5-77821dc7e777} may be persisted to storage in unencrypted form.
2026-08-07T02:33:06.6384687+00:00 ContainerStream: warn: Microsoft.AspNetCore.Hosting.Diagnostics[15]
2026-08-07T02:33:06.6385484+00:00 ContainerStream:       Overriding HTTP_PORTS '8080' and HTTPS_PORTS ''. Binding to values defined by URLS instead 'http://+:8080'.
2026-08-07T02:33:06.7990942+00:00 ContainerStream: info: Microsoft.Hosting.Lifetime[14]
2026-08-07T02:33:06.7991931+00:00 ContainerStream:       Now listening on: http://[::]:8080
2026-08-07T02:33:06.7998736+00:00 ContainerStream: info: Microsoft.Hosting.Lifetime[0]
2026-08-07T02:33:06.7999081+00:00 ContainerStream:       Application started. Press Ctrl+C to shut down.
2026-08-07T02:33:06.7999179+00:00 ContainerStream: info: Microsoft.Hosting.Lifetime[0]
2026-08-07T02:33:06.7999281+00:00 ContainerStream:       Hosting environment: dev
2026-08-07T02:33:06.7999333+00:00 ContainerStream: info: Microsoft.Hosting.Lifetime[0]
2026-08-07T02:33:06.7999395+00:00 ContainerStream:       Content root path: /app
2026-08-07T02:33:07.4268140+00:00 ContainerStream: warn: Microsoft.AspNetCore.HttpsPolicy.HttpsRedirectionMiddleware[3]
2026-08-07T02:33:07.4269060+00:00 ContainerStream:       Failed to determine the https port for redirect.
2026-08-07T02:33:07.4644780+00:00 ContainerStatus: Site startup probe succeeded after 1.1450227 seconds.
2026-08-07T02:33:07.4989868+00:00 ContainerStatus: State: Starting, Action: WarmUpProbeSucceeded, LastError: SiteStartupCancelled, LastErrorTimestamp: 08/07/2026 02:32:18, LastErrorDetails: Site stopped manually or container terminated, Details: Site startup probe succeeded after 1.1450227 seconds., DetailsLevel: INFO
2026-08-07T02:33:07.5513676+00:00 ContainerStatus: State: Starting, Action: StartingAuthContainer, LastError: SiteStartupCancelled, LastErrorTimestamp: 08/07/2026 02:32:18, LastErrorDetails: Site stopped manually or container terminated, Details: Site startup probe succeeded after 1.1450227 seconds., DetailsLevel: INFO
2026-08-07T02:33:10.4416970+00:00 ContainerStatus: Site started.
2026-08-07T02:33:10.4419581+00:00 ContainerStatus: State: Started, Action: None, LastError: SiteStartupCancelled, LastErrorTimestamp: 08/07/2026 02:32:18, LastErrorDetails: Site stopped manually or container terminated, Details: Site started at 08/07/2026 02:33:10 (UTC), DetailsLevel: INFO
========== New Cold Start Attempt (2026-08-07T04:07:31.0130347+00:00) ==========
2026-08-07T04:07:31.0130347+00:00 ContainerStream: [Previous Container]       Executed DbCommand (2ms) [Parameters=[], CommandType='Text', CommandTimeout='30']
2026-08-07T04:07:31.0130443+00:00 ContainerStream: [Previous Container]       SELECT 1
2026-08-07T04:07:31.0148435+00:00 ContainerStream: [Previous Container] info: Microsoft.EntityFrameworkCore.Database.Command[20101]
2026-08-07T04:07:31.0148901+00:00 ContainerStream: [Previous Container]       Executed DbCommand (2ms) [Parameters=[], CommandType='Text', CommandTimeout='30']
2026-08-07T04:07:31.0148973+00:00 ContainerStream: [Previous Container]       SELECT OBJECT_ID(N'[__EFMigrationsHistory]');
2026-08-07T04:07:31.0179055+00:00 ContainerStream: [Previous Container] info: Microsoft.EntityFrameworkCore.Database.Command[20101]
2026-08-07T04:07:31.0179507+00:00 ContainerStream: [Previous Container]       Executed DbCommand (2ms) [Parameters=[], CommandType='Text', CommandTimeout='30']
2026-08-07T04:07:31.0179634+00:00 ContainerStream: [Previous Container]       SELECT [MigrationId], [ProductVersion]
2026-08-07T04:07:31.0179683+00:00 ContainerStream: [Previous Container]       FROM [__EFMigrationsHistory]
2026-08-07T04:07:31.0179729+00:00 ContainerStream: [Previous Container]       ORDER BY [MigrationId];
2026-08-07T04:07:31.0199314+00:00 ContainerStream: [Previous Container] info: Microsoft.EntityFrameworkCore.Database.Command[20101]
2026-08-07T04:07:31.0199702+00:00 ContainerStream: [Previous Container]       Executed DbCommand (2ms) [Parameters=[], CommandType='Text', CommandTimeout='30']
2026-08-07T04:07:31.0199902+00:00 ContainerStream: [Previous Container]       SELECT TOP(1) [b].[BankAccountNumber]
2026-08-07T04:07:31.0199953+00:00 ContainerStream: [Previous Container]       FROM [Beneficiaries] AS [b]
2026-08-07T04:07:31.0199997+00:00 ContainerStream: [Previous Container]       ORDER BY [b].[Id]
2026-08-07T04:07:49.1299992+00:00 ContainerStatus: State: Stopping, Action: StoppingSite, LastError: SiteStartupCancelled, LastErrorTimestamp: 08/07/2026 02:32:18, LastErrorDetails: Site stopped manually or container terminated, Details: Site started at 08/07/2026 02:33:10 (UTC), DetailsLevel: INFO
2026-08-07T04:07:49.1303546+00:00 ContainerStatus: State: Stopping, Action: StoppingSiteContainers, LastError: SiteStartupCancelled, LastErrorTimestamp: 08/07/2026 02:32:18, LastErrorDetails: Site stopped manually or container terminated, Details: Site started at 08/07/2026 02:33:10 (UTC), DetailsLevel: INFO
2026-08-07T04:07:49.1304642+00:00 ContainerStatus: Container is terminating. Grace period: 5 seconds.
2026-08-07T04:07:49.1339049+00:00 ContainerStatus: Stop and delete container. Retry count = 0
2026-08-07T04:07:49.1339971+00:00 ContainerStatus: Stopping container: 8e145a366594_app-desicon-fw-api-dev.
2026-08-07T04:07:49.1489306+00:00 ContainerStream: [Previous Container] info: Microsoft.Hosting.Lifetime[0]
2026-08-07T04:07:49.1489870+00:00 ContainerStream: [Previous Container]       Application is shutting down...
2026-08-07T04:07:49.2001875+00:00 ContainerStatus: Deleting container: 8e145a366594_app-desicon-fw-api-dev. Retry count = 0
2026-08-07T04:07:49.2473876+00:00 ContainerStatus: Container spec TerminationMessagePolicy  path 
2026-08-07T04:07:49.2476160+00:00 ContainerStatus: Container is terminated. Total time elapsed: 116 ms.
2026-08-07T04:07:49.5339655+00:00 ContainerStatus: Site: app-desicon-fw-api-dev stopped.
2026-08-07T04:08:09.9088938+00:00 ContainerStatus: State: Starting, Action: EstablishingSiteNetworks, LastError: SiteStartupCancelled, LastErrorTimestamp: 08/07/2026 04:07:28, LastErrorDetails: Site stopped manually or container terminated, Details: Site stopped at 08/07/2026 04:07:28 (UTC), DetailsLevel: WARN
2026-08-07T04:08:10.5686244+00:00 ContainerStatus: State: Starting, Action: StartingMsiContainer, LastError: SiteStartupCancelled, LastErrorTimestamp: 08/07/2026 04:07:28, LastErrorDetails: Site stopped manually or container terminated, Details: Site stopped at 08/07/2026 04:07:28 (UTC), DetailsLevel: WARN
2026-08-07T04:08:13.4797999+00:00 ContainerStatus: State: Starting, Action: StartingSiteContainers, LastError: SiteStartupCancelled, LastErrorTimestamp: 08/07/2026 04:07:28, LastErrorDetails: Site stopped manually or container terminated, Details: Site stopped at 08/07/2026 04:07:28 (UTC), DetailsLevel: WARN
2026-08-07T04:08:13.4799165+00:00 ContainerStatus: Container start method called.
2026-08-07T04:08:13.4799643+00:00 ContainerStatus: State: Starting, Action: PullingImage, LastError: SiteStartupCancelled, LastErrorTimestamp: 08/07/2026 04:07:28, LastErrorDetails: Site stopped manually or container terminated, Details: Pulling image crdesiconfwdev.azurecr.io/finance-workflow-api:723fcf49e476df919fa253be1f8d0ffdd9784c55 for app-desicon-fw-api-dev., DetailsLevel: INFO
2026-08-07T04:08:13.4800289+00:00 ContainerStatus: Establishing network.
2026-08-07T04:08:13.4801352+00:00 ContainerStatus: Pulling image: crdesiconfwdev.azurecr.io/finance-workflow-api:723fcf49e476df919fa253be1f8d0ffdd9784c55.
2026-08-07T04:08:14.6906654+00:00 ContainerStatus: Image crdesiconfwdev.azurecr.io/finance-workflow-api:723fcf49e476df919fa253be1f8d0ffdd9784c55 is pulled from registry crdesiconfwdev.azurecr.io
2026-08-07T04:08:14.6907600+00:00 ContainerStatus: Container is starting.
2026-08-07T04:08:14.6908469+00:00 ContainerStatus: State: Starting, Action: MountingVolumes, LastError: SiteStartupCancelled, LastErrorTimestamp: 08/07/2026 04:07:28, LastErrorDetails: Site stopped manually or container terminated, Details: Mounting volumes for app-desicon-fw-api-dev., DetailsLevel: INFO
2026-08-07T04:08:14.6909087+00:00 ContainerStatus: Establishing user namespace if not established already.
2026-08-07T04:08:14.6909713+00:00 ContainerStatus: Establishing network if not established already.
2026-08-07T04:08:14.6910470+00:00 ContainerStatus: Mounting volumes.
2026-08-07T04:08:14.6911631+00:00 ContainerStatus: Nested mountpoint volatile/logs
2026-08-07T04:08:14.6964004+00:00 ContainerStatus: Nested mountpoint 
2026-08-07T04:08:14.7003160+00:00 ContainerStatus: Nested mountpoint 
2026-08-07T04:08:14.7070235+00:00 ContainerStatus: State: Starting, Action: CreatingContainer, LastError: SiteStartupCancelled, LastErrorTimestamp: 08/07/2026 04:07:28, LastErrorDetails: Site stopped manually or container terminated, Details: Finished pulling container image and mounting volumes for app-desicon-fw-api-dev. Allocatinng the rest of the container resources to finish container creation., DetailsLevel: INFO
2026-08-07T04:08:14.7070924+00:00 ContainerStatus: Creating container.
2026-08-07T04:08:14.7071504+00:00 ContainerStatus: Creating pipes for streaming container io.
2026-08-07T04:08:14.7072119+00:00 ContainerStatus: Creating stdout named pipe at /podr/container/pipe/2d0f1e069eb9_app-desicon-fw-api-dev/stdout_dfbc86907df2450a892530371eae5a96.
2026-08-07T04:08:14.7102337+00:00 ContainerStatus: Successfully created stdout named pipe at: /podr/container/pipe/2d0f1e069eb9_app-desicon-fw-api-dev/stdout_dfbc86907df2450a892530371eae5a96.
2026-08-07T04:08:14.7103878+00:00 ContainerStatus: Opening named pipe /podr/container/pipe/2d0f1e069eb9_app-desicon-fw-api-dev/stdout_dfbc86907df2450a892530371eae5a96 for reading in non-blocking mode.
2026-08-07T04:08:14.7108889+00:00 ContainerStatus: Successfully opened named pipe: /podr/container/pipe/2d0f1e069eb9_app-desicon-fw-api-dev/stdout_dfbc86907df2450a892530371eae5a96.
2026-08-07T04:08:14.7123799+00:00 ContainerStatus: Successfully removed non-blocking flag from /podr/container/pipe/2d0f1e069eb9_app-desicon-fw-api-dev/stdout_dfbc86907df2450a892530371eae5a96.
2026-08-07T04:08:14.7140252+00:00 ContainerStatus: Creating stderr named pipe at /podr/container/pipe/2d0f1e069eb9_app-desicon-fw-api-dev/stderr_e7801e828d3b4141adce68abea37a9a4.
2026-08-07T04:08:14.7148684+00:00 ContainerStatus: Successfully created stderr named pipe at: /podr/container/pipe/2d0f1e069eb9_app-desicon-fw-api-dev/stderr_e7801e828d3b4141adce68abea37a9a4.
2026-08-07T04:08:14.7156328+00:00 ContainerStatus: Opening named pipe /podr/container/pipe/2d0f1e069eb9_app-desicon-fw-api-dev/stderr_e7801e828d3b4141adce68abea37a9a4 for reading in non-blocking mode.
2026-08-07T04:08:14.7187838+00:00 ContainerStatus: Successfully opened named pipe: /podr/container/pipe/2d0f1e069eb9_app-desicon-fw-api-dev/stderr_e7801e828d3b4141adce68abea37a9a4.
2026-08-07T04:08:14.7197838+00:00 ContainerStatus: Successfully removed non-blocking flag from /podr/container/pipe/2d0f1e069eb9_app-desicon-fw-api-dev/stderr_e7801e828d3b4141adce68abea37a9a4.
2026-08-07T04:08:14.7208283+00:00 ContainerStatus: Overriding PORT environment variable with port exposed by container image.
2026-08-07T04:08:14.7357900+00:00 ContainerStatus: Container image exposes ports: ContainerExposedPort { Port = 8080, Protocol = TCP }. Sanitized list of ports is: 8080. Resolved main port to 8080.
2026-08-07T04:08:14.7358862+00:00 ContainerStatus: Setting value of PORT variable to 8080
2026-08-07T04:08:14.7360685+00:00 ContainerStatus: Creating container with image: crdesiconfwdev.azurecr.io/finance-workflow-api:723fcf49e476df919fa253be1f8d0ffdd9784c55 from registry: crdesiconfwdev.azurecr.io and fully qualified image name: crdesiconfwdev.azurecr.io/finance-workflow-api:723fcf49e476df919fa253be1f8d0ffdd9784c55
2026-08-07T04:08:14.8715052+00:00 ContainerStatus: Starting container: 2d0f1e069eb9_app-desicon-fw-api-dev.
2026-08-07T04:08:14.8865818+00:00 ContainerStatus: Starting watchers and probes.
2026-08-07T04:08:14.8868484+00:00 ContainerStatus: Starting metrics collection.
2026-08-07T04:08:14.8869547+00:00 ContainerStatus: Container is running.
2026-08-07T04:08:14.8882015+00:00 ContainerStatus: State: Starting, Action: CreatingContainer, LastError: SiteStartupCancelled, LastErrorTimestamp: 08/07/2026 04:07:28, LastErrorDetails: Site stopped manually or container terminated, Details: Container app-desicon-fw-api-dev successfully created and is running., DetailsLevel: INFO
2026-08-07T04:08:14.9132244+00:00 ContainerStatus: Container start method finished after 1433 ms.
2026-08-07T04:08:14.9135285+00:00 ContainerStatus: State: Starting, Action: InitiatingSiteWarmUpProbe, LastError: SiteStartupCancelled, LastErrorTimestamp: 08/07/2026 04:07:28, LastErrorDetails: Site stopped manually or container terminated, Details: Container app-desicon-fw-api-dev successfully created and is running., DetailsLevel: INFO
2026-08-07T04:08:14.9135582+00:00 ContainerStatus: State: Starting, Action: WaitingForSiteWarmUpProbeSuccess, LastError: SiteStartupCancelled, LastErrorTimestamp: 08/07/2026 04:07:28, LastErrorDetails: Site stopped manually or container terminated, Details: Pinging warmup path to ensure container is ready to receive requests., DetailsLevel: INFO
2026-08-07T04:08:15.3222795+00:00 ContainerStream: warn: Microsoft.AspNetCore.DataProtection.Repositories.FileSystemXmlRepository[60]
2026-08-07T04:08:15.3229361+00:00 ContainerStream:       Storing keys in a directory '/home/app/ASP.NET/DataProtection-Keys' that may not be persisted outside of the container. Protected data will be unavailable when container is destroyed. For more information go to https://aka.ms/aspnet/dataprotectionwarning
2026-08-07T04:08:15.3461544+00:00 ContainerStream: warn: Microsoft.AspNetCore.DataProtection.KeyManagement.XmlKeyManager[35]
2026-08-07T04:08:15.3487553+00:00 ContainerStream:       No XML encryptor configured. Key {1bcd0d6c-591c-4c6b-a60c-7117687c0d93} may be persisted to storage in unencrypted form.
2026-08-07T04:08:15.3618317+00:00 ContainerStream: warn: Microsoft.AspNetCore.Hosting.Diagnostics[15]
2026-08-07T04:08:15.3618870+00:00 ContainerStream:       Overriding HTTP_PORTS '8080' and HTTPS_PORTS ''. Binding to values defined by URLS instead 'http://+:8080'.
2026-08-07T04:08:15.5299459+00:00 ContainerStream: info: Microsoft.Hosting.Lifetime[14]
2026-08-07T04:08:15.5300444+00:00 ContainerStream:       Now listening on: http://[::]:8080
2026-08-07T04:08:15.5308761+00:00 ContainerStream: info: Microsoft.Hosting.Lifetime[0]
2026-08-07T04:08:15.5309099+00:00 ContainerStream:       Application started. Press Ctrl+C to shut down.
2026-08-07T04:08:15.5309417+00:00 ContainerStream: info: Microsoft.Hosting.Lifetime[0]
2026-08-07T04:08:15.5309484+00:00 ContainerStream:       Hosting environment: dev
2026-08-07T04:08:15.5309606+00:00 ContainerStream: info: Microsoft.Hosting.Lifetime[0]
2026-08-07T04:08:15.5309663+00:00 ContainerStream:       Content root path: /app
2026-08-07T04:08:16.0360672+00:00 ContainerStream: warn: Microsoft.AspNetCore.HttpsPolicy.HttpsRedirectionMiddleware[3]
2026-08-07T04:08:16.0361741+00:00 ContainerStream:       Failed to determine the https port for redirect.
2026-08-07T04:08:16.0808755+00:00 ContainerStatus: Site startup probe succeeded after 1.1669117 seconds.
2026-08-07T04:08:16.1145896+00:00 ContainerStatus: State: Starting, Action: WarmUpProbeSucceeded, LastError: SiteStartupCancelled, LastErrorTimestamp: 08/07/2026 04:07:28, LastErrorDetails: Site stopped manually or container terminated, Details: Site startup probe succeeded after 1.1669117 seconds., DetailsLevel: INFO
2026-08-07T04:08:16.1609216+00:00 ContainerStatus: State: Starting, Action: StartingAuthContainer, LastError: SiteStartupCancelled, LastErrorTimestamp: 08/07/2026 04:07:28, LastErrorDetails: Site stopped manually or container terminated, Details: Site startup probe succeeded after 1.1669117 seconds., DetailsLevel: INFO
2026-08-07T04:08:19.0322375+00:00 ContainerStatus: Site started.
2026-08-07T04:08:19.0328001+00:00 ContainerStatus: State: Started, Action: None, LastError: SiteStartupCancelled, LastErrorTimestamp: 08/07/2026 04:07:28, LastErrorDetails: Site stopped manually or container terminated, Details: Site started at 08/07/2026 04:08:19 (UTC), DetailsLevel: INFO
========== New Cold Start Attempt (2026-08-07T05:03:00.1349060+00:00) ==========
2026-08-07T05:03:00.1349060+00:00 ContainerStatus: State: Stopping, Action: StoppingSite, LastError: SiteStartupCancelled, LastErrorTimestamp: 08/07/2026 04:07:28, LastErrorDetails: Site stopped manually or container terminated, Details: Site started at 08/07/2026 04:08:19 (UTC), DetailsLevel: INFO
2026-08-07T05:03:00.1351984+00:00 ContainerStatus: State: Stopping, Action: StoppingSiteContainers, LastError: SiteStartupCancelled, LastErrorTimestamp: 08/07/2026 04:07:28, LastErrorDetails: Site stopped manually or container terminated, Details: Site started at 08/07/2026 04:08:19 (UTC), DetailsLevel: INFO
2026-08-07T05:03:00.1352828+00:00 ContainerStatus: Container is terminating. Grace period: 5 seconds.
2026-08-07T05:03:00.1367990+00:00 ContainerStatus: Stop and delete container. Retry count = 0
2026-08-07T05:03:00.1368761+00:00 ContainerStatus: Stopping container: 2d0f1e069eb9_app-desicon-fw-api-dev.
2026-08-07T05:03:00.1562301+00:00 ContainerStream: [Previous Container]       Application is shutting down...
2026-08-07T05:03:00.2165442+00:00 ContainerStatus: Deleting container: 2d0f1e069eb9_app-desicon-fw-api-dev. Retry count = 0
2026-08-07T05:03:00.2596895+00:00 ContainerStatus: Container spec TerminationMessagePolicy  path 
2026-08-07T05:03:00.2598209+00:00 ContainerStatus: Container is terminated. Total time elapsed: 124 ms.
2026-08-07T05:03:00.6408897+00:00 ContainerStatus: Site: app-desicon-fw-api-dev stopped.
2026-08-07T05:03:21.1524208+00:00 ContainerStatus: State: Starting, Action: EstablishingSiteNetworks, LastError: ACRImageFailure, LastErrorTimestamp: 08/07/2026 05:02:38, LastErrorDetails: Failed to pull ACR Image., Details: Site stopped at 08/07/2026 05:02:39 (UTC), DetailsLevel: ERR
2026-08-07T05:03:21.8497856+00:00 ContainerStatus: State: Starting, Action: StartingMsiContainer, LastError: ACRImageFailure, LastErrorTimestamp: 08/07/2026 05:02:38, LastErrorDetails: Failed to pull ACR Image., Details: Site stopped at 08/07/2026 05:02:39 (UTC), DetailsLevel: ERR
2026-08-07T05:03:25.7892420+00:00 ContainerStatus: State: Starting, Action: StartingSiteContainers, LastError: ACRImageFailure, LastErrorTimestamp: 08/07/2026 05:02:38, LastErrorDetails: Failed to pull ACR Image., Details: Site stopped at 08/07/2026 05:02:39 (UTC), DetailsLevel: ERR
2026-08-07T05:03:25.7893605+00:00 ContainerStatus: Container start method called.
2026-08-07T05:03:25.7894127+00:00 ContainerStatus: State: Starting, Action: PullingImage, LastError: ACRImageFailure, LastErrorTimestamp: 08/07/2026 05:02:38, LastErrorDetails: Failed to pull ACR Image., Details: Pulling image crdesiconfwdev.azurecr.io/finance-workflow-api:2a9c547c97215feea1bdc37fda6bea4a8ee7b159 for app-desicon-fw-api-dev., DetailsLevel: INFO
2026-08-07T05:03:25.7894829+00:00 ContainerStatus: Establishing network.
2026-08-07T05:03:25.7895617+00:00 ContainerStatus: Pulling image: crdesiconfwdev.azurecr.io/finance-workflow-api:2a9c547c97215feea1bdc37fda6bea4a8ee7b159.
2026-08-07T05:03:26.5327546+00:00 ContainerStatus: Image crdesiconfwdev.azurecr.io/finance-workflow-api:2a9c547c97215feea1bdc37fda6bea4a8ee7b159 is pulled from registry crdesiconfwdev.azurecr.io
2026-08-07T05:03:26.5328787+00:00 ContainerStatus: Container is starting.
2026-08-07T05:03:26.5329495+00:00 ContainerStatus: State: Starting, Action: MountingVolumes, LastError: ACRImageFailure, LastErrorTimestamp: 08/07/2026 05:02:38, LastErrorDetails: Failed to pull ACR Image., Details: Mounting volumes for app-desicon-fw-api-dev., DetailsLevel: INFO
2026-08-07T05:03:26.5330139+00:00 ContainerStatus: Establishing user namespace if not established already.
2026-08-07T05:03:26.5330714+00:00 ContainerStatus: Establishing network if not established already.
2026-08-07T05:03:26.5331467+00:00 ContainerStatus: Mounting volumes.
2026-08-07T05:03:26.5332464+00:00 ContainerStatus: Nested mountpoint volatile/logs
2026-08-07T05:03:26.5411358+00:00 ContainerStatus: Nested mountpoint 
2026-08-07T05:03:26.5418048+00:00 ContainerStatus: Nested mountpoint 
2026-08-07T05:03:26.5485077+00:00 ContainerStatus: State: Starting, Action: CreatingContainer, LastError: ACRImageFailure, LastErrorTimestamp: 08/07/2026 05:02:38, LastErrorDetails: Failed to pull ACR Image., Details: Finished pulling container image and mounting volumes for app-desicon-fw-api-dev. Allocatinng the rest of the container resources to finish container creation., DetailsLevel: INFO
2026-08-07T05:03:26.5486427+00:00 ContainerStatus: Creating container.
2026-08-07T05:03:26.5489167+00:00 ContainerStatus: Creating pipes for streaming container io.
2026-08-07T05:03:26.5490074+00:00 ContainerStatus: Creating stdout named pipe at /podr/container/pipe/d4d75ea2197b_app-desicon-fw-api-dev/stdout_ab89f2ceb398419dbbcc64288f184c17.
2026-08-07T05:03:26.5492217+00:00 ContainerStatus: Successfully created stdout named pipe at: /podr/container/pipe/d4d75ea2197b_app-desicon-fw-api-dev/stdout_ab89f2ceb398419dbbcc64288f184c17.
2026-08-07T05:03:26.5493033+00:00 ContainerStatus: Opening named pipe /podr/container/pipe/d4d75ea2197b_app-desicon-fw-api-dev/stdout_ab89f2ceb398419dbbcc64288f184c17 for reading in non-blocking mode.
2026-08-07T05:03:26.5493886+00:00 ContainerStatus: Successfully opened named pipe: /podr/container/pipe/d4d75ea2197b_app-desicon-fw-api-dev/stdout_ab89f2ceb398419dbbcc64288f184c17.
2026-08-07T05:03:26.5494411+00:00 ContainerStatus: Successfully removed non-blocking flag from /podr/container/pipe/d4d75ea2197b_app-desicon-fw-api-dev/stdout_ab89f2ceb398419dbbcc64288f184c17.
2026-08-07T05:03:26.5495626+00:00 ContainerStatus: Creating stderr named pipe at /podr/container/pipe/d4d75ea2197b_app-desicon-fw-api-dev/stderr_8c8c0b60a3554647b19e33fbed153c22.
2026-08-07T05:03:26.5496684+00:00 ContainerStatus: Successfully created stderr named pipe at: /podr/container/pipe/d4d75ea2197b_app-desicon-fw-api-dev/stderr_8c8c0b60a3554647b19e33fbed153c22.
2026-08-07T05:03:26.5497325+00:00 ContainerStatus: Opening named pipe /podr/container/pipe/d4d75ea2197b_app-desicon-fw-api-dev/stderr_8c8c0b60a3554647b19e33fbed153c22 for reading in non-blocking mode.
2026-08-07T05:03:26.5514199+00:00 ContainerStatus: Successfully opened named pipe: /podr/container/pipe/d4d75ea2197b_app-desicon-fw-api-dev/stderr_8c8c0b60a3554647b19e33fbed153c22.
2026-08-07T05:03:26.5531758+00:00 ContainerStatus: Successfully removed non-blocking flag from /podr/container/pipe/d4d75ea2197b_app-desicon-fw-api-dev/stderr_8c8c0b60a3554647b19e33fbed153c22.
2026-08-07T05:03:26.5533134+00:00 ContainerStatus: Overriding PORT environment variable with port exposed by container image.
2026-08-07T05:03:26.5757405+00:00 ContainerStatus: Container image exposes ports: ContainerExposedPort { Port = 8080, Protocol = TCP }. Sanitized list of ports is: 8080. Resolved main port to 8080.
2026-08-07T05:03:26.5758181+00:00 ContainerStatus: Setting value of PORT variable to 8080
2026-08-07T05:03:26.5759917+00:00 ContainerStatus: Creating container with image: crdesiconfwdev.azurecr.io/finance-workflow-api:2a9c547c97215feea1bdc37fda6bea4a8ee7b159 from registry: crdesiconfwdev.azurecr.io and fully qualified image name: crdesiconfwdev.azurecr.io/finance-workflow-api:2a9c547c97215feea1bdc37fda6bea4a8ee7b159
2026-08-07T05:03:26.7233809+00:00 ContainerStatus: Starting container: d4d75ea2197b_app-desicon-fw-api-dev.
2026-08-07T05:03:26.7390237+00:00 ContainerStatus: Starting watchers and probes.
2026-08-07T05:03:26.7392489+00:00 ContainerStatus: Starting metrics collection.
2026-08-07T05:03:26.7393431+00:00 ContainerStatus: Container is running.
2026-08-07T05:03:26.7394089+00:00 ContainerStatus: State: Starting, Action: CreatingContainer, LastError: ACRImageFailure, LastErrorTimestamp: 08/07/2026 05:02:38, LastErrorDetails: Failed to pull ACR Image., Details: Container app-desicon-fw-api-dev successfully created and is running., DetailsLevel: INFO
2026-08-07T05:03:26.7568756+00:00 ContainerStatus: Container start method finished after 965 ms.
2026-08-07T05:03:26.7612609+00:00 ContainerStatus: State: Starting, Action: InitiatingSiteWarmUpProbe, LastError: ACRImageFailure, LastErrorTimestamp: 08/07/2026 05:02:38, LastErrorDetails: Failed to pull ACR Image., Details: Container app-desicon-fw-api-dev successfully created and is running., DetailsLevel: INFO
2026-08-07T05:03:26.7612984+00:00 ContainerStatus: State: Starting, Action: WaitingForSiteWarmUpProbeSuccess, LastError: ACRImageFailure, LastErrorTimestamp: 08/07/2026 05:02:38, LastErrorDetails: Failed to pull ACR Image., Details: Pinging warmup path to ensure container is ready to receive requests., DetailsLevel: INFO
2026-08-07T05:03:27.0700334+00:00 ContainerStream: warn: Microsoft.AspNetCore.DataProtection.Repositories.FileSystemXmlRepository[60]
2026-08-07T05:03:27.0706710+00:00 ContainerStream:       Storing keys in a directory '/home/app/ASP.NET/DataProtection-Keys' that may not be persisted outside of the container. Protected data will be unavailable when container is destroyed. For more information go to https://aka.ms/aspnet/dataprotectionwarning
2026-08-07T05:03:27.0950107+00:00 ContainerStream: warn: Microsoft.AspNetCore.DataProtection.KeyManagement.XmlKeyManager[35]
2026-08-07T05:03:27.0950964+00:00 ContainerStream:       No XML encryptor configured. Key {2ce09a0b-f45c-434c-9203-28976f1a555e} may be persisted to storage in unencrypted form.
2026-08-07T05:03:27.1110228+00:00 ContainerStream: warn: Microsoft.AspNetCore.Hosting.Diagnostics[15]
2026-08-07T05:03:27.1110987+00:00 ContainerStream:       Overriding HTTP_PORTS '8080' and HTTPS_PORTS ''. Binding to values defined by URLS instead 'http://+:8080'.
2026-08-07T05:03:27.3348729+00:00 ContainerStream: info: Microsoft.Hosting.Lifetime[14]
2026-08-07T05:03:27.3349687+00:00 ContainerStream:       Now listening on: http://[::]:8080
2026-08-07T05:03:27.3349773+00:00 ContainerStream: info: Microsoft.Hosting.Lifetime[0]
2026-08-07T05:03:27.3349819+00:00 ContainerStream:       Application started. Press Ctrl+C to shut down.
2026-08-07T05:03:27.3350011+00:00 ContainerStream: info: Microsoft.Hosting.Lifetime[0]
2026-08-07T05:03:27.3350070+00:00 ContainerStream:       Hosting environment: dev
2026-08-07T05:03:27.3350121+00:00 ContainerStream: info: Microsoft.Hosting.Lifetime[0]
2026-08-07T05:03:27.3350160+00:00 ContainerStream:       Content root path: /app
2026-08-07T05:03:27.8887664+00:00 ContainerStream: warn: Microsoft.AspNetCore.HttpsPolicy.HttpsRedirectionMiddleware[3]
2026-08-07T05:03:27.8888667+00:00 ContainerStream:       Failed to determine the https port for redirect.
2026-08-07T05:03:27.9294520+00:00 ContainerStatus: Site startup probe succeeded after 1.1677249 seconds.
2026-08-07T05:03:27.9617724+00:00 ContainerStatus: State: Starting, Action: WarmUpProbeSucceeded, LastError: ACRImageFailure, LastErrorTimestamp: 08/07/2026 05:02:38, LastErrorDetails: Failed to pull ACR Image., Details: Site startup probe succeeded after 1.1677249 seconds., DetailsLevel: INFO
2026-08-07T05:03:28.0138575+00:00 ContainerStatus: State: Starting, Action: StartingAuthContainer, LastError: ACRImageFailure, LastErrorTimestamp: 08/07/2026 05:02:38, LastErrorDetails: Failed to pull ACR Image., Details: Site startup probe succeeded after 1.1677249 seconds., DetailsLevel: INFO
2026-08-07T05:03:30.9429099+00:00 ContainerStatus: Site started.
2026-08-07T05:03:30.9447154+00:00 ContainerStatus: State: Started, Action: None, LastError: ACRImageFailure, LastErrorTimestamp: 08/07/2026 05:02:38, LastErrorDetails: Failed to pull ACR Image., Details: Site started at 08/07/2026 05:03:30 (UTC), DetailsLevel: INFO
========== New Cold Start Attempt (2026-08-07T11:32:49.6625735+00:00) ==========
2026-08-07T11:32:49.6625735+00:00 ContainerStream: [Previous Container]       Executed DbCommand (2ms) [Parameters=[], CommandType='Text', CommandTimeout='30']
2026-08-07T11:32:49.6625816+00:00 ContainerStream: [Previous Container]       SELECT 1
2026-08-07T11:32:49.6646993+00:00 ContainerStream: [Previous Container] info: Microsoft.EntityFrameworkCore.Database.Command[20101]
2026-08-07T11:32:49.6647506+00:00 ContainerStream: [Previous Container]       Executed DbCommand (2ms) [Parameters=[], CommandType='Text', CommandTimeout='30']
2026-08-07T11:32:49.6647580+00:00 ContainerStream: [Previous Container]       SELECT OBJECT_ID(N'[__EFMigrationsHistory]');
2026-08-07T11:32:49.6676346+00:00 ContainerStream: [Previous Container] info: Microsoft.EntityFrameworkCore.Database.Command[20101]
2026-08-07T11:32:49.6676627+00:00 ContainerStream: [Previous Container]       Executed DbCommand (2ms) [Parameters=[], CommandType='Text', CommandTimeout='30']
2026-08-07T11:32:49.6676732+00:00 ContainerStream: [Previous Container]       SELECT [MigrationId], [ProductVersion]
2026-08-07T11:32:49.6676773+00:00 ContainerStream: [Previous Container]       FROM [__EFMigrationsHistory]
2026-08-07T11:32:49.6683164+00:00 ContainerStream: [Previous Container]       ORDER BY [MigrationId];
2026-08-07T11:32:49.6695231+00:00 ContainerStream: [Previous Container] info: Microsoft.EntityFrameworkCore.Database.Command[20101]
2026-08-07T11:32:49.6695518+00:00 ContainerStream: [Previous Container]       Executed DbCommand (1ms) [Parameters=[], CommandType='Text', CommandTimeout='30']
2026-08-07T11:32:49.6695622+00:00 ContainerStream: [Previous Container]       SELECT TOP(1) [b].[BankAccountNumber]
2026-08-07T11:32:49.6695665+00:00 ContainerStream: [Previous Container]       FROM [Beneficiaries] AS [b]
2026-08-07T11:32:49.6696421+00:00 ContainerStream: [Previous Container]       ORDER BY [b].[Id]
2026-08-07T11:32:50.7934511+00:00 ContainerStream: [Previous Container] info: Microsoft.EntityFrameworkCore.Database.Command[20101]
2026-08-07T11:32:50.7935344+00:00 ContainerStream: [Previous Container]       Executed DbCommand (2ms) [Parameters=[@__objectId_0='?' (Size = 100)], CommandType='Text', CommandTimeout='30']
2026-08-07T11:32:50.7938345+00:00 ContainerStream: [Previous Container]       SELECT TOP(1) [e].[Id], [e].[BankAccountNumber], [e].[BankName], [e].[DefaultCostCentreCode], [e].[DepartmentId], [e].[Email], [e].[EntraObjectId], [e].[FullName], [e].[Grade], [e].[IsActive], [e].[LineManagerId], [e].[StaffNumber]
2026-08-07T11:32:50.7938575+00:00 ContainerStream: [Previous Container]       FROM [Employees] AS [e]
2026-08-07T11:32:50.7938824+00:00 ContainerStream: [Previous Container]       WHERE [e].[EntraObjectId] = @__objectId_0
2026-08-07T11:32:50.8085407+00:00 ContainerStream: [Previous Container] fail: Microsoft.AspNetCore.Diagnostics.ExceptionHandlerMiddleware[1]
2026-08-07T11:32:50.8086180+00:00 ContainerStream: [Previous Container]       An unhandled exception has occurred while executing the request.
2026-08-07T11:32:50.8086262+00:00 ContainerStream: [Previous Container]       Desicon.Workflow.Api.Security.UnprovisionedUserException: No active Employee record is linked to Entra object id 'bc783418-e761-402c-9e6f-41637a51b4fc'.
2026-08-07T11:32:50.8086410+00:00 ContainerStream: [Previous Container]          at Desicon.Workflow.Api.Security.CurrentUserAccessor.GetEmployeeAsync(CancellationToken cancellationToken) in /src/src/Desicon.Workflow.Api/Security/CurrentUserAccessor.cs:line 39
2026-08-07T11:32:50.8086462+00:00 ContainerStream: [Previous Container]          at Desicon.Workflow.Api.Endpoints.RequestEndpoints.GetInboxAsync(WorkflowDbContext db, InboxStateIndex inboxIndex, ICurrentUserAccessor currentUser, CancellationToken cancellationToken) in /src/src/Desicon.Workflow.Api/Endpoints/RequestEndpoints.cs:line 415
2026-08-07T11:32:50.8086518+00:00 ContainerStream: [Previous Container]          at Microsoft.AspNetCore.Http.RequestDelegateFactory.ExecuteTaskResult[T](Task`1 task, HttpContext httpContext)
2026-08-07T11:32:50.8086595+00:00 ContainerStream: [Previous Container]          at Microsoft.AspNetCore.RateLimiting.RateLimitingMiddleware.InvokeInternal(HttpContext context, EnableRateLimitingAttribute enableRateLimitingAttribute)
2026-08-07T11:32:50.8086637+00:00 ContainerStream: [Previous Container]          at Microsoft.AspNetCore.Authorization.AuthorizationMiddleware.Invoke(HttpContext context)
2026-08-07T11:32:50.8086984+00:00 ContainerStream: [Previous Container]          at Microsoft.AspNetCore.Authentication.AuthenticationMiddleware.Invoke(HttpContext context)
2026-08-07T11:32:50.8087055+00:00 ContainerStream: [Previous Container]          at Microsoft.AspNetCore.Diagnostics.ExceptionHandlerMiddlewareImpl.<Invoke>g__Awaited|10_0(ExceptionHandlerMiddlewareImpl middleware, HttpContext context, Task task)
2026-08-07T11:33:09.1067389+00:00 ContainerStatus: State: Stopping, Action: StoppingSite, LastError: ACRImageFailure, LastErrorTimestamp: 08/07/2026 05:02:38, LastErrorDetails: Failed to pull ACR Image., Details: Site started at 08/07/2026 05:03:30 (UTC), DetailsLevel: INFO
2026-08-07T11:33:09.1070966+00:00 ContainerStatus: State: Stopping, Action: StoppingSiteContainers, LastError: ACRImageFailure, LastErrorTimestamp: 08/07/2026 05:02:38, LastErrorDetails: Failed to pull ACR Image., Details: Site started at 08/07/2026 05:03:30 (UTC), DetailsLevel: INFO
2026-08-07T11:33:09.1081099+00:00 ContainerStatus: Container is terminating. Grace period: 5 seconds.
2026-08-07T11:33:09.1096595+00:00 ContainerStatus: Stop and delete container. Retry count = 0
2026-08-07T11:33:09.1097360+00:00 ContainerStatus: Stopping container: d4d75ea2197b_app-desicon-fw-api-dev.
2026-08-07T11:33:09.1243030+00:00 ContainerStream: [Previous Container] info: Microsoft.Hosting.Lifetime[0]
2026-08-07T11:33:09.1243633+00:00 ContainerStream: [Previous Container]       Application is shutting down...
2026-08-07T11:33:09.1902765+00:00 ContainerStatus: Deleting container: d4d75ea2197b_app-desicon-fw-api-dev. Retry count = 0
2026-08-07T11:33:09.2352549+00:00 ContainerStatus: Container spec TerminationMessagePolicy  path 
2026-08-07T11:33:09.2400158+00:00 ContainerStatus: Container is terminated. Total time elapsed: 131 ms.
2026-08-07T11:33:09.5289903+00:00 ContainerStatus: Site: app-desicon-fw-api-dev stopped.
2026-08-07T11:33:29.9049777+00:00 ContainerStatus: State: Starting, Action: EstablishingSiteNetworks, LastError: SiteStartupCancelled, LastErrorTimestamp: 08/07/2026 11:32:48, LastErrorDetails: Site stopped manually or container terminated, Details: Site stopped at 08/07/2026 11:32:48 (UTC), DetailsLevel: WARN
2026-08-07T11:33:30.6513504+00:00 ContainerStatus: State: Starting, Action: StartingMsiContainer, LastError: SiteStartupCancelled, LastErrorTimestamp: 08/07/2026 11:32:48, LastErrorDetails: Site stopped manually or container terminated, Details: Site stopped at 08/07/2026 11:32:48 (UTC), DetailsLevel: WARN
2026-08-07T11:33:34.6213385+00:00 ContainerStatus: State: Starting, Action: StartingSiteContainers, LastError: SiteStartupCancelled, LastErrorTimestamp: 08/07/2026 11:32:48, LastErrorDetails: Site stopped manually or container terminated, Details: Site stopped at 08/07/2026 11:32:48 (UTC), DetailsLevel: WARN
2026-08-07T11:33:34.6214616+00:00 ContainerStatus: Container start method called.
2026-08-07T11:33:34.6215171+00:00 ContainerStatus: State: Starting, Action: PullingImage, LastError: SiteStartupCancelled, LastErrorTimestamp: 08/07/2026 11:32:48, LastErrorDetails: Site stopped manually or container terminated, Details: Pulling image crdesiconfwdev.azurecr.io/finance-workflow-api:77bebc1b4a4a0a6f7de8d3f8dcd97ab0db5d7c3d for app-desicon-fw-api-dev., DetailsLevel: INFO
2026-08-07T11:33:34.6215822+00:00 ContainerStatus: Establishing network.
2026-08-07T11:33:34.6216701+00:00 ContainerStatus: Pulling image: crdesiconfwdev.azurecr.io/finance-workflow-api:77bebc1b4a4a0a6f7de8d3f8dcd97ab0db5d7c3d.
2026-08-07T11:33:35.9498280+00:00 ContainerStatus: Image crdesiconfwdev.azurecr.io/finance-workflow-api:77bebc1b4a4a0a6f7de8d3f8dcd97ab0db5d7c3d is pulled from registry crdesiconfwdev.azurecr.io
2026-08-07T11:33:35.9499324+00:00 ContainerStatus: Container is starting.
2026-08-07T11:33:35.9500426+00:00 ContainerStatus: State: Starting, Action: MountingVolumes, LastError: SiteStartupCancelled, LastErrorTimestamp: 08/07/2026 11:32:48, LastErrorDetails: Site stopped manually or container terminated, Details: Mounting volumes for app-desicon-fw-api-dev., DetailsLevel: INFO
2026-08-07T11:33:35.9501241+00:00 ContainerStatus: Establishing user namespace if not established already.
2026-08-07T11:33:35.9504071+00:00 ContainerStatus: Establishing network if not established already.
2026-08-07T11:33:35.9505754+00:00 ContainerStatus: Mounting volumes.
2026-08-07T11:33:35.9510419+00:00 ContainerStatus: Nested mountpoint volatile/logs
2026-08-07T11:33:35.9542989+00:00 ContainerStatus: Nested mountpoint 
2026-08-07T11:33:35.9605251+00:00 ContainerStatus: Nested mountpoint 
2026-08-07T11:33:35.9779328+00:00 ContainerStatus: State: Starting, Action: CreatingContainer, LastError: SiteStartupCancelled, LastErrorTimestamp: 08/07/2026 11:32:48, LastErrorDetails: Site stopped manually or container terminated, Details: Finished pulling container image and mounting volumes for app-desicon-fw-api-dev. Allocatinng the rest of the container resources to finish container creation., DetailsLevel: INFO
2026-08-07T11:33:35.9780968+00:00 ContainerStatus: Creating container.
2026-08-07T11:33:35.9787149+00:00 ContainerStatus: Creating pipes for streaming container io.
2026-08-07T11:33:35.9793659+00:00 ContainerStatus: Creating stdout named pipe at /podr/container/pipe/c706988ce5db_app-desicon-fw-api-dev/stdout_e352e9414f324c6f9ae988219f6dc6f8.
2026-08-07T11:33:35.9808857+00:00 ContainerStatus: Successfully created stdout named pipe at: /podr/container/pipe/c706988ce5db_app-desicon-fw-api-dev/stdout_e352e9414f324c6f9ae988219f6dc6f8.
2026-08-07T11:33:35.9812865+00:00 ContainerStatus: Opening named pipe /podr/container/pipe/c706988ce5db_app-desicon-fw-api-dev/stdout_e352e9414f324c6f9ae988219f6dc6f8 for reading in non-blocking mode.
2026-08-07T11:33:35.9849415+00:00 ContainerStatus: Successfully opened named pipe: /podr/container/pipe/c706988ce5db_app-desicon-fw-api-dev/stdout_e352e9414f324c6f9ae988219f6dc6f8.
2026-08-07T11:33:35.9851153+00:00 ContainerStatus: Successfully removed non-blocking flag from /podr/container/pipe/c706988ce5db_app-desicon-fw-api-dev/stdout_e352e9414f324c6f9ae988219f6dc6f8.
2026-08-07T11:33:35.9877214+00:00 ContainerStatus: Creating stderr named pipe at /podr/container/pipe/c706988ce5db_app-desicon-fw-api-dev/stderr_71fdb260d8cf47f282d93d8651d0f218.
2026-08-07T11:33:35.9887547+00:00 ContainerStatus: Successfully created stderr named pipe at: /podr/container/pipe/c706988ce5db_app-desicon-fw-api-dev/stderr_71fdb260d8cf47f282d93d8651d0f218.
2026-08-07T11:33:35.9888665+00:00 ContainerStatus: Opening named pipe /podr/container/pipe/c706988ce5db_app-desicon-fw-api-dev/stderr_71fdb260d8cf47f282d93d8651d0f218 for reading in non-blocking mode.
2026-08-07T11:33:35.9889567+00:00 ContainerStatus: Successfully opened named pipe: /podr/container/pipe/c706988ce5db_app-desicon-fw-api-dev/stderr_71fdb260d8cf47f282d93d8651d0f218.
2026-08-07T11:33:35.9890140+00:00 ContainerStatus: Successfully removed non-blocking flag from /podr/container/pipe/c706988ce5db_app-desicon-fw-api-dev/stderr_71fdb260d8cf47f282d93d8651d0f218.
2026-08-07T11:33:35.9891121+00:00 ContainerStatus: Overriding PORT environment variable with port exposed by container image.
2026-08-07T11:33:36.0041709+00:00 ContainerStatus: Container image exposes ports: ContainerExposedPort { Port = 8080, Protocol = TCP }. Sanitized list of ports is: 8080. Resolved main port to 8080.
2026-08-07T11:33:36.0046462+00:00 ContainerStatus: Setting value of PORT variable to 8080
2026-08-07T11:33:36.0057856+00:00 ContainerStatus: Creating container with image: crdesiconfwdev.azurecr.io/finance-workflow-api:77bebc1b4a4a0a6f7de8d3f8dcd97ab0db5d7c3d from registry: crdesiconfwdev.azurecr.io and fully qualified image name: crdesiconfwdev.azurecr.io/finance-workflow-api:77bebc1b4a4a0a6f7de8d3f8dcd97ab0db5d7c3d
2026-08-07T11:33:36.1363690+00:00 ContainerStatus: Starting container: c706988ce5db_app-desicon-fw-api-dev.
2026-08-07T11:33:36.1517431+00:00 ContainerStatus: Starting watchers and probes.
2026-08-07T11:33:36.1525261+00:00 ContainerStatus: Starting metrics collection.
2026-08-07T11:33:36.1529394+00:00 ContainerStatus: Container is running.
2026-08-07T11:33:36.1534769+00:00 ContainerStatus: State: Starting, Action: CreatingContainer, LastError: SiteStartupCancelled, LastErrorTimestamp: 08/07/2026 11:32:48, LastErrorDetails: Site stopped manually or container terminated, Details: Container app-desicon-fw-api-dev successfully created and is running., DetailsLevel: INFO
2026-08-07T11:33:36.1793739+00:00 ContainerStatus: Container start method finished after 1557 ms.
2026-08-07T11:33:36.1802153+00:00 ContainerStatus: State: Starting, Action: InitiatingSiteWarmUpProbe, LastError: SiteStartupCancelled, LastErrorTimestamp: 08/07/2026 11:32:48, LastErrorDetails: Site stopped manually or container terminated, Details: Container app-desicon-fw-api-dev successfully created and is running., DetailsLevel: INFO
2026-08-07T11:33:36.1804677+00:00 ContainerStatus: State: Starting, Action: WaitingForSiteWarmUpProbeSuccess, LastError: SiteStartupCancelled, LastErrorTimestamp: 08/07/2026 11:32:48, LastErrorDetails: Site stopped manually or container terminated, Details: Pinging warmup path to ensure container is ready to receive requests., DetailsLevel: INFO
2026-08-07T11:33:36.5342805+00:00 ContainerStream: warn: Microsoft.AspNetCore.DataProtection.Repositories.FileSystemXmlRepository[60]
2026-08-07T11:33:36.5354080+00:00 ContainerStream:       Storing keys in a directory '/home/app/ASP.NET/DataProtection-Keys' that may not be persisted outside of the container. Protected data will be unavailable when container is destroyed. For more information go to https://aka.ms/aspnet/dataprotectionwarning
2026-08-07T11:33:36.5585131+00:00 ContainerStream: warn: Microsoft.AspNetCore.DataProtection.KeyManagement.XmlKeyManager[35]
2026-08-07T11:33:36.5585784+00:00 ContainerStream:       No XML encryptor configured. Key {5dbe6550-a6e4-4fa4-8f07-8163c7babc3f} may be persisted to storage in unencrypted form.
2026-08-07T11:33:36.5734896+00:00 ContainerStream: warn: Microsoft.AspNetCore.Hosting.Diagnostics[15]
2026-08-07T11:33:36.5735598+00:00 ContainerStream:       Overriding HTTP_PORTS '8080' and HTTPS_PORTS ''. Binding to values defined by URLS instead 'http://+:8080'.
2026-08-07T11:33:36.7431359+00:00 ContainerStream: info: Microsoft.Hosting.Lifetime[14]
2026-08-07T11:33:36.7432287+00:00 ContainerStream:       Now listening on: http://[::]:8080
2026-08-07T11:33:36.7443620+00:00 ContainerStream: info: Microsoft.Hosting.Lifetime[0]
2026-08-07T11:33:36.7443992+00:00 ContainerStream:       Application started. Press Ctrl+C to shut down.
2026-08-07T11:33:36.7454334+00:00 ContainerStream: info: Microsoft.Hosting.Lifetime[0]
2026-08-07T11:33:36.7454612+00:00 ContainerStream:       Hosting environment: dev
2026-08-07T11:33:36.7454692+00:00 ContainerStream: info: Microsoft.Hosting.Lifetime[0]
2026-08-07T11:33:36.7454741+00:00 ContainerStream:       Content root path: /app
2026-08-07T11:33:37.2999333+00:00 ContainerStream: warn: Microsoft.AspNetCore.HttpsPolicy.HttpsRedirectionMiddleware[3]
2026-08-07T11:33:37.3000500+00:00 ContainerStream:       Failed to determine the https port for redirect.
2026-08-07T11:33:37.3377436+00:00 ContainerStatus: Site startup probe succeeded after 1.1564358 seconds.
2026-08-07T11:33:37.3709303+00:00 ContainerStatus: State: Starting, Action: WarmUpProbeSucceeded, LastError: SiteStartupCancelled, LastErrorTimestamp: 08/07/2026 11:32:48, LastErrorDetails: Site stopped manually or container terminated, Details: Site startup probe succeeded after 1.1564358 seconds., DetailsLevel: INFO
2026-08-07T11:33:37.4157194+00:00 ContainerStatus: State: Starting, Action: StartingAuthContainer, LastError: SiteStartupCancelled, LastErrorTimestamp: 08/07/2026 11:32:48, LastErrorDetails: Site stopped manually or container terminated, Details: Site startup probe succeeded after 1.1564358 seconds., DetailsLevel: INFO
2026-08-07T11:33:40.4399874+00:00 ContainerStatus: Site started.
2026-08-07T11:33:40.4415723+00:00 ContainerStatus: State: Started, Action: None, LastError: SiteStartupCancelled, LastErrorTimestamp: 08/07/2026 11:32:48, LastErrorDetails: Site stopped manually or container terminated, Details: Site started at 08/07/2026 11:33:40 (UTC), DetailsLevel: INFO
========== New Cold Start Attempt (2026-08-07T17:30:24.5184550+00:00) ==========
2026-08-07T17:30:24.5184550+00:00 ContainerStatus: State: Stopping, Action: StoppingSite, LastError: SiteStartupCancelled, LastErrorTimestamp: 08/07/2026 11:32:48, LastErrorDetails: Site stopped manually or container terminated, Details: Site started at 08/07/2026 11:33:40 (UTC), DetailsLevel: INFO
2026-08-07T17:30:24.5188165+00:00 ContainerStatus: State: Stopping, Action: StoppingSiteContainers, LastError: SiteStartupCancelled, LastErrorTimestamp: 08/07/2026 11:32:48, LastErrorDetails: Site stopped manually or container terminated, Details: Site started at 08/07/2026 11:33:40 (UTC), DetailsLevel: INFO
2026-08-07T17:30:24.5189311+00:00 ContainerStatus: Container is terminating. Grace period: 5 seconds.
2026-08-07T17:30:24.5215210+00:00 ContainerStatus: Stop and delete container. Retry count = 0
2026-08-07T17:30:24.5216379+00:00 ContainerStatus: Stopping container: c706988ce5db_app-desicon-fw-api-dev.
2026-08-07T17:30:24.5361186+00:00 ContainerStream: [Previous Container]       Application is shutting down...
2026-08-07T17:30:24.6000268+00:00 ContainerStatus: Deleting container: c706988ce5db_app-desicon-fw-api-dev. Retry count = 0
2026-08-07T17:30:24.6493242+00:00 ContainerStatus: Container spec TerminationMessagePolicy  path 
2026-08-07T17:30:24.6495753+00:00 ContainerStatus: Container is terminated. Total time elapsed: 130 ms.
2026-08-07T17:30:25.0190736+00:00 ContainerStatus: Site: app-desicon-fw-api-dev stopped.
2026-08-07T17:30:45.7135275+00:00 ContainerStatus: State: Starting, Action: EstablishingSiteNetworks, LastError: SiteStartupCancelled, LastErrorTimestamp: 08/07/2026 17:30:02, LastErrorDetails: Site stopped manually or container terminated, Details: Site stopped at 08/07/2026 17:30:04 (UTC), DetailsLevel: ERR
2026-08-07T17:30:46.4286198+00:00 ContainerStatus: State: Starting, Action: StartingMsiContainer, LastError: SiteStartupCancelled, LastErrorTimestamp: 08/07/2026 17:30:02, LastErrorDetails: Site stopped manually or container terminated, Details: Site stopped at 08/07/2026 17:30:04 (UTC), DetailsLevel: ERR
2026-08-07T17:30:50.4297385+00:00 ContainerStatus: State: Starting, Action: StartingSiteContainers, LastError: SiteStartupCancelled, LastErrorTimestamp: 08/07/2026 17:30:02, LastErrorDetails: Site stopped manually or container terminated, Details: Site stopped at 08/07/2026 17:30:04 (UTC), DetailsLevel: ERR
2026-08-07T17:30:50.4298571+00:00 ContainerStatus: Container start method called.
2026-08-07T17:30:50.4299030+00:00 ContainerStatus: State: Starting, Action: PullingImage, LastError: SiteStartupCancelled, LastErrorTimestamp: 08/07/2026 17:30:02, LastErrorDetails: Site stopped manually or container terminated, Details: Pulling image crdesiconfwdev.azurecr.io/finance-workflow-api:46badca837e88d0f3942940d1e95de6e485e8ef1 for app-desicon-fw-api-dev., DetailsLevel: INFO
2026-08-07T17:30:50.4299609+00:00 ContainerStatus: Establishing network.
2026-08-07T17:30:50.4300460+00:00 ContainerStatus: Pulling image: crdesiconfwdev.azurecr.io/finance-workflow-api:46badca837e88d0f3942940d1e95de6e485e8ef1.
2026-08-07T17:30:50.7940413+00:00 ContainerStatus: Container is starting.
2026-08-07T17:30:50.7941617+00:00 ContainerStatus: State: Starting, Action: MountingVolumes, LastError: SiteStartupCancelled, LastErrorTimestamp: 08/07/2026 17:30:02, LastErrorDetails: Site stopped manually or container terminated, Details: Mounting volumes for app-desicon-fw-api-dev., DetailsLevel: INFO
2026-08-07T17:30:50.7944494+00:00 ContainerStatus: Establishing user namespace if not established already.
2026-08-07T17:30:50.7963886+00:00 ContainerStatus: Establishing network if not established already.
2026-08-07T17:30:50.7965703+00:00 ContainerStatus: Mounting volumes.
2026-08-07T17:30:50.7976049+00:00 ContainerStatus: Nested mountpoint volatile/logs
2026-08-07T17:30:50.8010006+00:00 ContainerStatus: Nested mountpoint 
2026-08-07T17:30:50.8015297+00:00 ContainerStatus: Nested mountpoint 
2026-08-07T17:30:50.8064357+00:00 ContainerStatus: State: Starting, Action: CreatingContainer, LastError: SiteStartupCancelled, LastErrorTimestamp: 08/07/2026 17:30:02, LastErrorDetails: Site stopped manually or container terminated, Details: Finished pulling container image and mounting volumes for app-desicon-fw-api-dev. Allocatinng the rest of the container resources to finish container creation., DetailsLevel: INFO
2026-08-07T17:30:50.8065017+00:00 ContainerStatus: Creating container.
2026-08-07T17:30:50.8065632+00:00 ContainerStatus: Creating pipes for streaming container io.
2026-08-07T17:30:50.8066154+00:00 ContainerStatus: Creating stdout named pipe at /podr/container/pipe/a56e6351d06e_app-desicon-fw-api-dev/stdout_a141e29efb8948b79ed4b46d071332c0.
2026-08-07T17:30:50.8067778+00:00 ContainerStatus: Successfully created stdout named pipe at: /podr/container/pipe/a56e6351d06e_app-desicon-fw-api-dev/stdout_a141e29efb8948b79ed4b46d071332c0.
2026-08-07T17:30:50.8068391+00:00 ContainerStatus: Opening named pipe /podr/container/pipe/a56e6351d06e_app-desicon-fw-api-dev/stdout_a141e29efb8948b79ed4b46d071332c0 for reading in non-blocking mode.
2026-08-07T17:30:50.8069049+00:00 ContainerStatus: Successfully opened named pipe: /podr/container/pipe/a56e6351d06e_app-desicon-fw-api-dev/stdout_a141e29efb8948b79ed4b46d071332c0.
2026-08-07T17:30:50.8069662+00:00 ContainerStatus: Successfully removed non-blocking flag from /podr/container/pipe/a56e6351d06e_app-desicon-fw-api-dev/stdout_a141e29efb8948b79ed4b46d071332c0.
2026-08-07T17:30:50.8112693+00:00 ContainerStatus: Creating stderr named pipe at /podr/container/pipe/a56e6351d06e_app-desicon-fw-api-dev/stderr_54a6239ee5be4a52aa4f2e23545ee15c.
2026-08-07T17:30:50.8115673+00:00 ContainerStatus: Successfully created stderr named pipe at: /podr/container/pipe/a56e6351d06e_app-desicon-fw-api-dev/stderr_54a6239ee5be4a52aa4f2e23545ee15c.
2026-08-07T17:30:50.8120514+00:00 ContainerStatus: Opening named pipe /podr/container/pipe/a56e6351d06e_app-desicon-fw-api-dev/stderr_54a6239ee5be4a52aa4f2e23545ee15c for reading in non-blocking mode.
2026-08-07T17:30:50.8121755+00:00 ContainerStatus: Successfully opened named pipe: /podr/container/pipe/a56e6351d06e_app-desicon-fw-api-dev/stderr_54a6239ee5be4a52aa4f2e23545ee15c.
2026-08-07T17:30:50.8122534+00:00 ContainerStatus: Successfully removed non-blocking flag from /podr/container/pipe/a56e6351d06e_app-desicon-fw-api-dev/stderr_54a6239ee5be4a52aa4f2e23545ee15c.
2026-08-07T17:30:50.8131134+00:00 ContainerStatus: Overriding PORT environment variable with port exposed by container image.
2026-08-07T17:30:50.8341085+00:00 ContainerStatus: Container image exposes ports: ContainerExposedPort { Port = 8080, Protocol = TCP }. Sanitized list of ports is: 8080. Resolved main port to 8080.
2026-08-07T17:30:50.8342187+00:00 ContainerStatus: Setting value of PORT variable to 8080
2026-08-07T17:30:50.8343767+00:00 ContainerStatus: Creating container with image: crdesiconfwdev.azurecr.io/finance-workflow-api:46badca837e88d0f3942940d1e95de6e485e8ef1 from registry: crdesiconfwdev.azurecr.io and fully qualified image name: crdesiconfwdev.azurecr.io/finance-workflow-api:46badca837e88d0f3942940d1e95de6e485e8ef1
2026-08-07T17:30:50.9610239+00:00 ContainerStatus: Starting container: a56e6351d06e_app-desicon-fw-api-dev.
2026-08-07T17:30:50.9811513+00:00 ContainerStatus: Starting watchers and probes.
2026-08-07T17:30:50.9816281+00:00 ContainerStatus: Starting metrics collection.
2026-08-07T17:30:50.9825908+00:00 ContainerStatus: Container is running.
2026-08-07T17:30:50.9826777+00:00 ContainerStatus: State: Starting, Action: CreatingContainer, LastError: SiteStartupCancelled, LastErrorTimestamp: 08/07/2026 17:30:02, LastErrorDetails: Site stopped manually or container terminated, Details: Container app-desicon-fw-api-dev successfully created and is running., DetailsLevel: INFO
2026-08-07T17:30:50.9913338+00:00 ContainerStatus: Container start method finished after 561 ms.
2026-08-07T17:30:50.9916307+00:00 ContainerStatus: State: Starting, Action: InitiatingSiteWarmUpProbe, LastError: SiteStartupCancelled, LastErrorTimestamp: 08/07/2026 17:30:02, LastErrorDetails: Site stopped manually or container terminated, Details: Container app-desicon-fw-api-dev successfully created and is running., DetailsLevel: INFO
2026-08-07T17:30:50.9916594+00:00 ContainerStatus: State: Starting, Action: WaitingForSiteWarmUpProbeSuccess, LastError: SiteStartupCancelled, LastErrorTimestamp: 08/07/2026 17:30:02, LastErrorDetails: Site stopped manually or container terminated, Details: Pinging warmup path to ensure container is ready to receive requests., DetailsLevel: INFO
2026-08-07T17:30:51.3102396+00:00 ContainerStream: warn: Microsoft.AspNetCore.DataProtection.Repositories.FileSystemXmlRepository[60]
2026-08-07T17:30:51.3114525+00:00 ContainerStream:       Storing keys in a directory '/home/app/ASP.NET/DataProtection-Keys' that may not be persisted outside of the container. Protected data will be unavailable when container is destroyed. For more information go to https://aka.ms/aspnet/dataprotectionwarning
2026-08-07T17:30:51.3343793+00:00 ContainerStream: warn: Microsoft.AspNetCore.DataProtection.KeyManagement.XmlKeyManager[35]
2026-08-07T17:30:51.3344723+00:00 ContainerStream:       No XML encryptor configured. Key {a77d7d38-e80a-4617-8543-2b6e52198d9e} may be persisted to storage in unencrypted form.
2026-08-07T17:30:51.3511826+00:00 ContainerStream: warn: Microsoft.AspNetCore.Hosting.Diagnostics[15]
2026-08-07T17:30:51.3512847+00:00 ContainerStream:       Overriding HTTP_PORTS '8080' and HTTPS_PORTS ''. Binding to values defined by URLS instead 'http://+:8080'.
2026-08-07T17:30:51.5241993+00:00 ContainerStream: info: Microsoft.Hosting.Lifetime[14]
2026-08-07T17:30:51.5243207+00:00 ContainerStream:       Now listening on: http://[::]:8080
2026-08-07T17:30:51.5252543+00:00 ContainerStream: info: Microsoft.Hosting.Lifetime[0]
2026-08-07T17:30:51.5252837+00:00 ContainerStream:       Application started. Press Ctrl+C to shut down.
2026-08-07T17:30:51.5252938+00:00 ContainerStream: info: Microsoft.Hosting.Lifetime[0]
2026-08-07T17:30:51.5253023+00:00 ContainerStream:       Hosting environment: dev
2026-08-07T17:30:51.5253095+00:00 ContainerStream: info: Microsoft.Hosting.Lifetime[0]
2026-08-07T17:30:51.5253153+00:00 ContainerStream:       Content root path: /app
2026-08-07T17:30:52.1163758+00:00 ContainerStream: warn: Microsoft.AspNetCore.HttpsPolicy.HttpsRedirectionMiddleware[3]
2026-08-07T17:30:52.1165018+00:00 ContainerStream:       Failed to determine the https port for redirect.
2026-08-07T17:30:52.1551184+00:00 ContainerStatus: Site startup probe succeeded after 1.1625937 seconds.
2026-08-07T17:30:52.1892146+00:00 ContainerStatus: State: Starting, Action: WarmUpProbeSucceeded, LastError: SiteStartupCancelled, LastErrorTimestamp: 08/07/2026 17:30:02, LastErrorDetails: Site stopped manually or container terminated, Details: Site startup probe succeeded after 1.1625937 seconds., DetailsLevel: INFO
2026-08-07T17:30:52.2410681+00:00 ContainerStatus: State: Starting, Action: StartingAuthContainer, LastError: SiteStartupCancelled, LastErrorTimestamp: 08/07/2026 17:30:02, LastErrorDetails: Site stopped manually or container terminated, Details: Site startup probe succeeded after 1.1625937 seconds., DetailsLevel: INFO
2026-08-07T17:30:55.1583758+00:00 ContainerStatus: Site started.
2026-08-07T17:30:55.1585281+00:00 ContainerStatus: State: Started, Action: None, LastError: SiteStartupCancelled, LastErrorTimestamp: 08/07/2026 17:30:02, LastErrorDetails: Site stopped manually or container terminated, Details: Site started at 08/07/2026 17:30:55 (UTC), DetailsLevel: INFO
