2026-08-07T02:32:16.5414011Z State: Starting, Action: EstablishingSiteNetworks, LastError: , LastErrorTimestamp: 01/01/0001 00:00:00, LastErrorDetails: , Details: , DetailsLevel: INFO
2026-08-07T02:32:17.3742546Z State: Starting, Action: StartingMsiContainer, LastError: , LastErrorTimestamp: 01/01/0001 00:00:00, LastErrorDetails: , Details: , DetailsLevel: INFO
2026-08-07T02:32:18.5460043Z State: Stopping, Action: CancellingStartup, LastError: SiteStartupCancelled, LastErrorTimestamp: 08/07/2026 02:32:18, LastErrorDetails: Site stopped manually or container terminated, Details: Site stopped manually or container terminated, DetailsLevel: WARN
2026-08-07T02:32:18.5468697Z State: Stopping, Action: StoppingSite, LastError: SiteStartupCancelled, LastErrorTimestamp: 08/07/2026 02:32:18, LastErrorDetails: Site stopped manually or container terminated, Details: Site stopped manually or container terminated, DetailsLevel: WARN
2026-08-07T02:32:18.5470534Z State: Stopping, Action: StoppingSiteContainers, LastError: SiteStartupCancelled, LastErrorTimestamp: 08/07/2026 02:32:18, LastErrorDetails: Site stopped manually or container terminated, Details: Site stopped manually or container terminated, DetailsLevel: WARN
2026-08-07T02:32:18.7294687Z Site container: app-desicon-fw-api-dev_managedIdentity terminated during site startup.
2026-08-07T02:32:18.7297482Z State: Stopping, Action: StoppingSiteContainers, LastError: SiteStartupCancelled, LastErrorTimestamp: 08/07/2026 02:32:18, LastErrorDetails: Site stopped manually or container terminated, Details: Site stopped manually or container terminated, DetailsLevel: WARN
2026-08-07T02:32:18.7299014Z Site: app-desicon-fw-api-dev stopped.
2026-08-07T02:32:39.1539370Z State: Stopping, Action: StoppingSite, LastError: SiteStartupCancelled, LastErrorTimestamp: 08/05/2026 16:42:18, LastErrorDetails: Site stopped manually or container terminated, Details: Site started at 08/05/2026 16:43:09 (UTC), DetailsLevel: INFO
2026-08-07T02:32:39.1543509Z State: Stopping, Action: StoppingSiteContainers, LastError: SiteStartupCancelled, LastErrorTimestamp: 08/05/2026 16:42:18, LastErrorDetails: Site stopped manually or container terminated, Details: Site started at 08/05/2026 16:43:09 (UTC), DetailsLevel: INFO
2026-08-07T02:32:39.1544676Z Container is terminating. Grace period: 5 seconds.
2026-08-07T02:32:39.1563349Z Stop and delete container. Retry count = 0
2026-08-07T02:32:39.1564207Z Stopping container: 4bc386054d19_app-desicon-fw-api-dev.
2026-08-07T02:32:39.2421092Z Deleting container: 4bc386054d19_app-desicon-fw-api-dev. Retry count = 0
2026-08-07T02:32:39.2889579Z Container spec TerminationMessagePolicy  path 
2026-08-07T02:32:39.2890956Z Container is terminated. Total time elapsed: 134 ms.
2026-08-07T02:32:39.6143665Z Site: app-desicon-fw-api-dev stopped.
2026-08-07T02:33:00.1750935Z State: Starting, Action: EstablishingSiteNetworks, LastError: SiteStartupCancelled, LastErrorTimestamp: 08/07/2026 02:32:18, LastErrorDetails: Site stopped manually or container terminated, Details: Site stopped at 08/07/2026 02:32:19 (UTC), DetailsLevel: WARN
2026-08-07T02:33:00.8525262Z State: Starting, Action: StartingMsiContainer, LastError: SiteStartupCancelled, LastErrorTimestamp: 08/07/2026 02:32:18, LastErrorDetails: Site stopped manually or container terminated, Details: Site stopped at 08/07/2026 02:32:19 (UTC), DetailsLevel: WARN
2026-08-07T02:33:04.7662056Z State: Starting, Action: StartingSiteContainers, LastError: SiteStartupCancelled, LastErrorTimestamp: 08/07/2026 02:32:18, LastErrorDetails: Site stopped manually or container terminated, Details: Site stopped at 08/07/2026 02:32:19 (UTC), DetailsLevel: WARN
2026-08-07T02:33:04.7663111Z Container start method called.
2026-08-07T02:33:04.7663485Z State: Starting, Action: PullingImage, LastError: SiteStartupCancelled, LastErrorTimestamp: 08/07/2026 02:32:18, LastErrorDetails: Site stopped manually or container terminated, Details: Pulling image crdesiconfwdev.azurecr.io/finance-workflow-api:baa7407d338d8dd6ed3cd6cf7fc23b5b85db3b6e for app-desicon-fw-api-dev., DetailsLevel: INFO
2026-08-07T02:33:04.7664171Z Establishing network.
2026-08-07T02:33:04.7664975Z Pulling image: crdesiconfwdev.azurecr.io/finance-workflow-api:baa7407d338d8dd6ed3cd6cf7fc23b5b85db3b6e.
2026-08-07T02:33:06.0994103Z Image crdesiconfwdev.azurecr.io/finance-workflow-api:baa7407d338d8dd6ed3cd6cf7fc23b5b85db3b6e is pulled from registry crdesiconfwdev.azurecr.io
2026-08-07T02:33:06.0997193Z Container is starting.
2026-08-07T02:33:06.0998398Z State: Starting, Action: MountingVolumes, LastError: SiteStartupCancelled, LastErrorTimestamp: 08/07/2026 02:32:18, LastErrorDetails: Site stopped manually or container terminated, Details: Mounting volumes for app-desicon-fw-api-dev., DetailsLevel: INFO
2026-08-07T02:33:06.0999233Z Establishing user namespace if not established already.
2026-08-07T02:33:06.0999978Z Establishing network if not established already.
2026-08-07T02:33:06.1000812Z Mounting volumes.
2026-08-07T02:33:06.1001704Z Nested mountpoint volatile/logs
2026-08-07T02:33:06.1040749Z Nested mountpoint 
2026-08-07T02:33:06.1046440Z Nested mountpoint 
2026-08-07T02:33:06.1157825Z State: Starting, Action: CreatingContainer, LastError: SiteStartupCancelled, LastErrorTimestamp: 08/07/2026 02:32:18, LastErrorDetails: Site stopped manually or container terminated, Details: Finished pulling container image and mounting volumes for app-desicon-fw-api-dev. Allocatinng the rest of the container resources to finish container creation., DetailsLevel: INFO
2026-08-07T02:33:06.1158629Z Creating container.
2026-08-07T02:33:06.1159198Z Creating pipes for streaming container io.
2026-08-07T02:33:06.1159713Z Creating stdout named pipe at /podr/container/pipe/8e145a366594_app-desicon-fw-api-dev/stdout_d77b3fa8131142eeb782e91b3e5e58ba.
2026-08-07T02:33:06.1161276Z Successfully created stdout named pipe at: /podr/container/pipe/8e145a366594_app-desicon-fw-api-dev/stdout_d77b3fa8131142eeb782e91b3e5e58ba.
2026-08-07T02:33:06.1161842Z Opening named pipe /podr/container/pipe/8e145a366594_app-desicon-fw-api-dev/stdout_d77b3fa8131142eeb782e91b3e5e58ba for reading in non-blocking mode.
2026-08-07T02:33:06.1162546Z Successfully opened named pipe: /podr/container/pipe/8e145a366594_app-desicon-fw-api-dev/stdout_d77b3fa8131142eeb782e91b3e5e58ba.
2026-08-07T02:33:06.1163063Z Successfully removed non-blocking flag from /podr/container/pipe/8e145a366594_app-desicon-fw-api-dev/stdout_d77b3fa8131142eeb782e91b3e5e58ba.
2026-08-07T02:33:06.1191561Z Creating stderr named pipe at /podr/container/pipe/8e145a366594_app-desicon-fw-api-dev/stderr_eb0289d0ffc54d28bf311c667dbf8bb0.
2026-08-07T02:33:06.1192758Z Successfully created stderr named pipe at: /podr/container/pipe/8e145a366594_app-desicon-fw-api-dev/stderr_eb0289d0ffc54d28bf311c667dbf8bb0.
2026-08-07T02:33:06.1193315Z Opening named pipe /podr/container/pipe/8e145a366594_app-desicon-fw-api-dev/stderr_eb0289d0ffc54d28bf311c667dbf8bb0 for reading in non-blocking mode.
2026-08-07T02:33:06.1194120Z Successfully opened named pipe: /podr/container/pipe/8e145a366594_app-desicon-fw-api-dev/stderr_eb0289d0ffc54d28bf311c667dbf8bb0.
2026-08-07T02:33:06.1194682Z Successfully removed non-blocking flag from /podr/container/pipe/8e145a366594_app-desicon-fw-api-dev/stderr_eb0289d0ffc54d28bf311c667dbf8bb0.
2026-08-07T02:33:06.1195496Z Overriding PORT environment variable with port exposed by container image.
2026-08-07T02:33:06.1309141Z Container image exposes ports: ContainerExposedPort { Port = 8080, Protocol = TCP }. Sanitized list of ports is: 8080. Resolved main port to 8080.
2026-08-07T02:33:06.1310003Z Setting value of PORT variable to 8080
2026-08-07T02:33:06.1311774Z Creating container with image: crdesiconfwdev.azurecr.io/finance-workflow-api:baa7407d338d8dd6ed3cd6cf7fc23b5b85db3b6e from registry: crdesiconfwdev.azurecr.io and fully qualified image name: crdesiconfwdev.azurecr.io/finance-workflow-api:baa7407d338d8dd6ed3cd6cf7fc23b5b85db3b6e
2026-08-07T02:33:06.2647767Z Starting container: 8e145a366594_app-desicon-fw-api-dev.
2026-08-07T02:33:06.2804974Z Starting watchers and probes.
2026-08-07T02:33:06.2829009Z Starting metrics collection.
2026-08-07T02:33:06.2830469Z Container is running.
2026-08-07T02:33:06.2831221Z State: Starting, Action: CreatingContainer, LastError: SiteStartupCancelled, LastErrorTimestamp: 08/07/2026 02:32:18, LastErrorDetails: Site stopped manually or container terminated, Details: Container app-desicon-fw-api-dev successfully created and is running., DetailsLevel: INFO
2026-08-07T02:33:06.3038783Z Container start method finished after 1532 ms.
2026-08-07T02:33:06.3131725Z State: Starting, Action: InitiatingSiteWarmUpProbe, LastError: SiteStartupCancelled, LastErrorTimestamp: 08/07/2026 02:32:18, LastErrorDetails: Site stopped manually or container terminated, Details: Container app-desicon-fw-api-dev successfully created and is running., DetailsLevel: INFO
2026-08-07T02:33:06.3132078Z State: Starting, Action: WaitingForSiteWarmUpProbeSuccess, LastError: SiteStartupCancelled, LastErrorTimestamp: 08/07/2026 02:32:18, LastErrorDetails: Site stopped manually or container terminated, Details: Pinging warmup path to ensure container is ready to receive requests., DetailsLevel: INFO
2026-08-07T02:33:07.4644780Z Site startup probe succeeded after 1.1450227 seconds.
2026-08-07T02:33:07.4989868Z State: Starting, Action: WarmUpProbeSucceeded, LastError: SiteStartupCancelled, LastErrorTimestamp: 08/07/2026 02:32:18, LastErrorDetails: Site stopped manually or container terminated, Details: Site startup probe succeeded after 1.1450227 seconds., DetailsLevel: INFO
2026-08-07T02:33:07.5513676Z State: Starting, Action: StartingAuthContainer, LastError: SiteStartupCancelled, LastErrorTimestamp: 08/07/2026 02:32:18, LastErrorDetails: Site stopped manually or container terminated, Details: Site startup probe succeeded after 1.1450227 seconds., DetailsLevel: INFO
2026-08-07T02:33:10.4416970Z Site started.
2026-08-07T02:33:10.4419581Z State: Started, Action: None, LastError: SiteStartupCancelled, LastErrorTimestamp: 08/07/2026 02:32:18, LastErrorDetails: Site stopped manually or container terminated, Details: Site started at 08/07/2026 02:33:10 (UTC), DetailsLevel: INFO
2026-08-07T04:07:28.8212306Z State: Starting, Action: EstablishingSiteNetworks, LastError: , LastErrorTimestamp: 01/01/0001 00:00:00, LastErrorDetails: , Details: , DetailsLevel: INFO
2026-08-07T04:07:28.8941788Z State: Stopping, Action: CancellingStartup, LastError: SiteStartupCancelled, LastErrorTimestamp: 08/07/2026 04:07:28, LastErrorDetails: Site stopped manually or container terminated, Details: Site stopped manually or container terminated, DetailsLevel: WARN
2026-08-07T04:07:28.8957858Z State: Stopping, Action: StoppingSite, LastError: SiteStartupCancelled, LastErrorTimestamp: 08/07/2026 04:07:28, LastErrorDetails: Site stopped manually or container terminated, Details: Site stopped manually or container terminated, DetailsLevel: WARN
2026-08-07T04:07:28.8959339Z State: Stopping, Action: StoppingSiteContainers, LastError: SiteStartupCancelled, LastErrorTimestamp: 08/07/2026 04:07:28, LastErrorDetails: Site stopped manually or container terminated, Details: Site stopped manually or container terminated, DetailsLevel: WARN
2026-08-07T04:07:28.8959518Z Site: app-desicon-fw-api-dev stopped.
2026-08-07T04:07:49.1299992Z State: Stopping, Action: StoppingSite, LastError: SiteStartupCancelled, LastErrorTimestamp: 08/07/2026 02:32:18, LastErrorDetails: Site stopped manually or container terminated, Details: Site started at 08/07/2026 02:33:10 (UTC), DetailsLevel: INFO
2026-08-07T04:07:49.1303546Z State: Stopping, Action: StoppingSiteContainers, LastError: SiteStartupCancelled, LastErrorTimestamp: 08/07/2026 02:32:18, LastErrorDetails: Site stopped manually or container terminated, Details: Site started at 08/07/2026 02:33:10 (UTC), DetailsLevel: INFO
2026-08-07T04:07:49.1304642Z Container is terminating. Grace period: 5 seconds.
2026-08-07T04:07:49.1339049Z Stop and delete container. Retry count = 0
2026-08-07T04:07:49.1339971Z Stopping container: 8e145a366594_app-desicon-fw-api-dev.
2026-08-07T04:07:49.2001875Z Deleting container: 8e145a366594_app-desicon-fw-api-dev. Retry count = 0
2026-08-07T04:07:49.2473876Z Container spec TerminationMessagePolicy  path 
2026-08-07T04:07:49.2476160Z Container is terminated. Total time elapsed: 116 ms.
2026-08-07T04:07:49.5339655Z Site: app-desicon-fw-api-dev stopped.
2026-08-07T04:08:09.9088938Z State: Starting, Action: EstablishingSiteNetworks, LastError: SiteStartupCancelled, LastErrorTimestamp: 08/07/2026 04:07:28, LastErrorDetails: Site stopped manually or container terminated, Details: Site stopped at 08/07/2026 04:07:28 (UTC), DetailsLevel: WARN
2026-08-07T04:08:10.5686244Z State: Starting, Action: StartingMsiContainer, LastError: SiteStartupCancelled, LastErrorTimestamp: 08/07/2026 04:07:28, LastErrorDetails: Site stopped manually or container terminated, Details: Site stopped at 08/07/2026 04:07:28 (UTC), DetailsLevel: WARN
2026-08-07T04:08:13.4797999Z State: Starting, Action: StartingSiteContainers, LastError: SiteStartupCancelled, LastErrorTimestamp: 08/07/2026 04:07:28, LastErrorDetails: Site stopped manually or container terminated, Details: Site stopped at 08/07/2026 04:07:28 (UTC), DetailsLevel: WARN
2026-08-07T04:08:13.4799165Z Container start method called.
2026-08-07T04:08:13.4799643Z State: Starting, Action: PullingImage, LastError: SiteStartupCancelled, LastErrorTimestamp: 08/07/2026 04:07:28, LastErrorDetails: Site stopped manually or container terminated, Details: Pulling image crdesiconfwdev.azurecr.io/finance-workflow-api:723fcf49e476df919fa253be1f8d0ffdd9784c55 for app-desicon-fw-api-dev., DetailsLevel: INFO
2026-08-07T04:08:13.4800289Z Establishing network.
2026-08-07T04:08:13.4801352Z Pulling image: crdesiconfwdev.azurecr.io/finance-workflow-api:723fcf49e476df919fa253be1f8d0ffdd9784c55.
2026-08-07T04:08:14.6906654Z Image crdesiconfwdev.azurecr.io/finance-workflow-api:723fcf49e476df919fa253be1f8d0ffdd9784c55 is pulled from registry crdesiconfwdev.azurecr.io
2026-08-07T04:08:14.6907600Z Container is starting.
2026-08-07T04:08:14.6908469Z State: Starting, Action: MountingVolumes, LastError: SiteStartupCancelled, LastErrorTimestamp: 08/07/2026 04:07:28, LastErrorDetails: Site stopped manually or container terminated, Details: Mounting volumes for app-desicon-fw-api-dev., DetailsLevel: INFO
2026-08-07T04:08:14.6909087Z Establishing user namespace if not established already.
2026-08-07T04:08:14.6909713Z Establishing network if not established already.
2026-08-07T04:08:14.6910470Z Mounting volumes.
2026-08-07T04:08:14.6911631Z Nested mountpoint volatile/logs
2026-08-07T04:08:14.6964004Z Nested mountpoint 
2026-08-07T04:08:14.7003160Z Nested mountpoint 
2026-08-07T04:08:14.7070235Z State: Starting, Action: CreatingContainer, LastError: SiteStartupCancelled, LastErrorTimestamp: 08/07/2026 04:07:28, LastErrorDetails: Site stopped manually or container terminated, Details: Finished pulling container image and mounting volumes for app-desicon-fw-api-dev. Allocatinng the rest of the container resources to finish container creation., DetailsLevel: INFO
2026-08-07T04:08:14.7070924Z Creating container.
2026-08-07T04:08:14.7071504Z Creating pipes for streaming container io.
2026-08-07T04:08:14.7072119Z Creating stdout named pipe at /podr/container/pipe/2d0f1e069eb9_app-desicon-fw-api-dev/stdout_dfbc86907df2450a892530371eae5a96.
2026-08-07T04:08:14.7102337Z Successfully created stdout named pipe at: /podr/container/pipe/2d0f1e069eb9_app-desicon-fw-api-dev/stdout_dfbc86907df2450a892530371eae5a96.
2026-08-07T04:08:14.7103878Z Opening named pipe /podr/container/pipe/2d0f1e069eb9_app-desicon-fw-api-dev/stdout_dfbc86907df2450a892530371eae5a96 for reading in non-blocking mode.
2026-08-07T04:08:14.7108889Z Successfully opened named pipe: /podr/container/pipe/2d0f1e069eb9_app-desicon-fw-api-dev/stdout_dfbc86907df2450a892530371eae5a96.
2026-08-07T04:08:14.7123799Z Successfully removed non-blocking flag from /podr/container/pipe/2d0f1e069eb9_app-desicon-fw-api-dev/stdout_dfbc86907df2450a892530371eae5a96.
2026-08-07T04:08:14.7140252Z Creating stderr named pipe at /podr/container/pipe/2d0f1e069eb9_app-desicon-fw-api-dev/stderr_e7801e828d3b4141adce68abea37a9a4.
2026-08-07T04:08:14.7148684Z Successfully created stderr named pipe at: /podr/container/pipe/2d0f1e069eb9_app-desicon-fw-api-dev/stderr_e7801e828d3b4141adce68abea37a9a4.
2026-08-07T04:08:14.7156328Z Opening named pipe /podr/container/pipe/2d0f1e069eb9_app-desicon-fw-api-dev/stderr_e7801e828d3b4141adce68abea37a9a4 for reading in non-blocking mode.
2026-08-07T04:08:14.7187838Z Successfully opened named pipe: /podr/container/pipe/2d0f1e069eb9_app-desicon-fw-api-dev/stderr_e7801e828d3b4141adce68abea37a9a4.
2026-08-07T04:08:14.7197838Z Successfully removed non-blocking flag from /podr/container/pipe/2d0f1e069eb9_app-desicon-fw-api-dev/stderr_e7801e828d3b4141adce68abea37a9a4.
2026-08-07T04:08:14.7208283Z Overriding PORT environment variable with port exposed by container image.
2026-08-07T04:08:14.7357900Z Container image exposes ports: ContainerExposedPort { Port = 8080, Protocol = TCP }. Sanitized list of ports is: 8080. Resolved main port to 8080.
2026-08-07T04:08:14.7358862Z Setting value of PORT variable to 8080
2026-08-07T04:08:14.7360685Z Creating container with image: crdesiconfwdev.azurecr.io/finance-workflow-api:723fcf49e476df919fa253be1f8d0ffdd9784c55 from registry: crdesiconfwdev.azurecr.io and fully qualified image name: crdesiconfwdev.azurecr.io/finance-workflow-api:723fcf49e476df919fa253be1f8d0ffdd9784c55
2026-08-07T04:08:14.8715052Z Starting container: 2d0f1e069eb9_app-desicon-fw-api-dev.
2026-08-07T04:08:14.8865818Z Starting watchers and probes.
2026-08-07T04:08:14.8868484Z Starting metrics collection.
2026-08-07T04:08:14.8869547Z Container is running.
2026-08-07T04:08:14.8882015Z State: Starting, Action: CreatingContainer, LastError: SiteStartupCancelled, LastErrorTimestamp: 08/07/2026 04:07:28, LastErrorDetails: Site stopped manually or container terminated, Details: Container app-desicon-fw-api-dev successfully created and is running., DetailsLevel: INFO
2026-08-07T04:08:14.9132244Z Container start method finished after 1433 ms.
2026-08-07T04:08:14.9135285Z State: Starting, Action: InitiatingSiteWarmUpProbe, LastError: SiteStartupCancelled, LastErrorTimestamp: 08/07/2026 04:07:28, LastErrorDetails: Site stopped manually or container terminated, Details: Container app-desicon-fw-api-dev successfully created and is running., DetailsLevel: INFO
2026-08-07T04:08:14.9135582Z State: Starting, Action: WaitingForSiteWarmUpProbeSuccess, LastError: SiteStartupCancelled, LastErrorTimestamp: 08/07/2026 04:07:28, LastErrorDetails: Site stopped manually or container terminated, Details: Pinging warmup path to ensure container is ready to receive requests., DetailsLevel: INFO
2026-08-07T04:08:16.0808755Z Site startup probe succeeded after 1.1669117 seconds.
2026-08-07T04:08:16.1145896Z State: Starting, Action: WarmUpProbeSucceeded, LastError: SiteStartupCancelled, LastErrorTimestamp: 08/07/2026 04:07:28, LastErrorDetails: Site stopped manually or container terminated, Details: Site startup probe succeeded after 1.1669117 seconds., DetailsLevel: INFO
2026-08-07T04:08:16.1609216Z State: Starting, Action: StartingAuthContainer, LastError: SiteStartupCancelled, LastErrorTimestamp: 08/07/2026 04:07:28, LastErrorDetails: Site stopped manually or container terminated, Details: Site startup probe succeeded after 1.1669117 seconds., DetailsLevel: INFO
2026-08-07T04:08:19.0322375Z Site started.
2026-08-07T04:08:19.0328001Z State: Started, Action: None, LastError: SiteStartupCancelled, LastErrorTimestamp: 08/07/2026 04:07:28, LastErrorDetails: Site stopped manually or container terminated, Details: Site started at 08/07/2026 04:08:19 (UTC), DetailsLevel: INFO
2026-08-07T05:02:33.1337385Z State: Starting, Action: EstablishingSiteNetworks, LastError: , LastErrorTimestamp: 01/01/0001 00:00:00, LastErrorDetails: , Details: , DetailsLevel: INFO
2026-08-07T05:02:33.9170982Z State: Starting, Action: StartingMsiContainer, LastError: , LastErrorTimestamp: 01/01/0001 00:00:00, LastErrorDetails: , Details: , DetailsLevel: INFO
2026-08-07T05:02:37.8963083Z State: Starting, Action: StartingSiteContainers, LastError: , LastErrorTimestamp: 01/01/0001 00:00:00, LastErrorDetails: , Details: , DetailsLevel: INFO
2026-08-07T05:02:37.8964163Z Container start method called.
2026-08-07T05:02:37.8964749Z State: Starting, Action: PullingImage, LastError: , LastErrorTimestamp: 01/01/0001 00:00:00, LastErrorDetails: , Details: Pulling image crdesiconfwdev.azurecr.io/finance-workflow-api:2a9c547c97215feea1bdc37fda6bea4a8ee7b159 for app-desicon-fw-api-dev., DetailsLevel: INFO
2026-08-07T05:02:37.8965538Z Establishing network.
2026-08-07T05:02:37.8966389Z Pulling image: crdesiconfwdev.azurecr.io/finance-workflow-api:2a9c547c97215feea1bdc37fda6bea4a8ee7b159.
2026-08-07T05:02:38.7076078Z Container pull image failed with reason: ImagePullFailure. Revert by terminate.
2026-08-07T05:02:38.7077632Z Container is terminating. Grace period: 5 seconds.
2026-08-07T05:02:38.7078513Z Container spec TerminationMessagePolicy  path 
2026-08-07T05:02:38.7079313Z Container is terminated. Total time elapsed: 0 ms.
2026-08-07T05:02:38.7079960Z Site container: app-desicon-fw-api-dev terminated during site startup.
2026-08-07T05:02:38.7080673Z State: Stopping, Action: CancellingStartup, LastError: , LastErrorTimestamp: 01/01/0001 00:00:00, LastErrorDetails: , Details: Site container: app-desicon-fw-api-dev terminated during site startup. Cancelling site startup., DetailsLevel: ERR
2026-08-07T05:02:38.7101948Z State: Stopping, Action: CancellingStartup, LastError: ACRImageFailure, LastErrorTimestamp: 08/07/2026 05:02:38, LastErrorDetails: Failed to pull ACR Image., Details: Site container: app-desicon-fw-api-dev terminated during site startup. Cancelling site startup., DetailsLevel: ERR
2026-08-07T05:02:38.7144918Z Failed to start site. Revert by stopping site.
2026-08-07T05:02:38.7145973Z State: Stopping, Action: StoppingSite, LastError: ACRImageFailure, LastErrorTimestamp: 08/07/2026 05:02:38, LastErrorDetails: Failed to pull ACR Image., Details: Site container: app-desicon-fw-api-dev terminated during site startup. Cancelling site startup., DetailsLevel: ERR
2026-08-07T05:02:38.7147575Z State: Stopping, Action: StoppingSiteContainers, LastError: ACRImageFailure, LastErrorTimestamp: 08/07/2026 05:02:38, LastErrorDetails: Failed to pull ACR Image., Details: Site container: app-desicon-fw-api-dev terminated during site startup. Cancelling site startup., DetailsLevel: ERR
2026-08-07T05:02:39.5779990Z Site container: app-desicon-fw-api-dev_managedIdentity terminated during site startup.
2026-08-07T05:02:39.5781343Z State: Stopping, Action: StoppingSiteContainers, LastError: ACRImageFailure, LastErrorTimestamp: 08/07/2026 05:02:38, LastErrorDetails: Failed to pull ACR Image., Details: Site container: app-desicon-fw-api-dev terminated during site startup. Cancelling site startup., DetailsLevel: ERR
2026-08-07T05:02:39.5782583Z Site: app-desicon-fw-api-dev stopped.
2026-08-07T05:03:00.1349060Z State: Stopping, Action: StoppingSite, LastError: SiteStartupCancelled, LastErrorTimestamp: 08/07/2026 04:07:28, LastErrorDetails: Site stopped manually or container terminated, Details: Site started at 08/07/2026 04:08:19 (UTC), DetailsLevel: INFO
2026-08-07T05:03:00.1351984Z State: Stopping, Action: StoppingSiteContainers, LastError: SiteStartupCancelled, LastErrorTimestamp: 08/07/2026 04:07:28, LastErrorDetails: Site stopped manually or container terminated, Details: Site started at 08/07/2026 04:08:19 (UTC), DetailsLevel: INFO
2026-08-07T05:03:00.1352828Z Container is terminating. Grace period: 5 seconds.
2026-08-07T05:03:00.1367990Z Stop and delete container. Retry count = 0
2026-08-07T05:03:00.1368761Z Stopping container: 2d0f1e069eb9_app-desicon-fw-api-dev.
2026-08-07T05:03:00.2165442Z Deleting container: 2d0f1e069eb9_app-desicon-fw-api-dev. Retry count = 0
2026-08-07T05:03:00.2596895Z Container spec TerminationMessagePolicy  path 
2026-08-07T05:03:00.2598209Z Container is terminated. Total time elapsed: 124 ms.
2026-08-07T05:03:00.6408897Z Site: app-desicon-fw-api-dev stopped.
2026-08-07T05:03:21.1524208Z State: Starting, Action: EstablishingSiteNetworks, LastError: ACRImageFailure, LastErrorTimestamp: 08/07/2026 05:02:38, LastErrorDetails: Failed to pull ACR Image., Details: Site stopped at 08/07/2026 05:02:39 (UTC), DetailsLevel: ERR
2026-08-07T05:03:21.8497856Z State: Starting, Action: StartingMsiContainer, LastError: ACRImageFailure, LastErrorTimestamp: 08/07/2026 05:02:38, LastErrorDetails: Failed to pull ACR Image., Details: Site stopped at 08/07/2026 05:02:39 (UTC), DetailsLevel: ERR
2026-08-07T05:03:25.7892420Z State: Starting, Action: StartingSiteContainers, LastError: ACRImageFailure, LastErrorTimestamp: 08/07/2026 05:02:38, LastErrorDetails: Failed to pull ACR Image., Details: Site stopped at 08/07/2026 05:02:39 (UTC), DetailsLevel: ERR
2026-08-07T05:03:25.7893605Z Container start method called.
2026-08-07T05:03:25.7894127Z State: Starting, Action: PullingImage, LastError: ACRImageFailure, LastErrorTimestamp: 08/07/2026 05:02:38, LastErrorDetails: Failed to pull ACR Image., Details: Pulling image crdesiconfwdev.azurecr.io/finance-workflow-api:2a9c547c97215feea1bdc37fda6bea4a8ee7b159 for app-desicon-fw-api-dev., DetailsLevel: INFO
2026-08-07T05:03:25.7894829Z Establishing network.
2026-08-07T05:03:25.7895617Z Pulling image: crdesiconfwdev.azurecr.io/finance-workflow-api:2a9c547c97215feea1bdc37fda6bea4a8ee7b159.
2026-08-07T05:03:26.5327546Z Image crdesiconfwdev.azurecr.io/finance-workflow-api:2a9c547c97215feea1bdc37fda6bea4a8ee7b159 is pulled from registry crdesiconfwdev.azurecr.io
2026-08-07T05:03:26.5328787Z Container is starting.
2026-08-07T05:03:26.5329495Z State: Starting, Action: MountingVolumes, LastError: ACRImageFailure, LastErrorTimestamp: 08/07/2026 05:02:38, LastErrorDetails: Failed to pull ACR Image., Details: Mounting volumes for app-desicon-fw-api-dev., DetailsLevel: INFO
2026-08-07T05:03:26.5330139Z Establishing user namespace if not established already.
2026-08-07T05:03:26.5330714Z Establishing network if not established already.
2026-08-07T05:03:26.5331467Z Mounting volumes.
2026-08-07T05:03:26.5332464Z Nested mountpoint volatile/logs
2026-08-07T05:03:26.5411358Z Nested mountpoint 
2026-08-07T05:03:26.5418048Z Nested mountpoint 
2026-08-07T05:03:26.5485077Z State: Starting, Action: CreatingContainer, LastError: ACRImageFailure, LastErrorTimestamp: 08/07/2026 05:02:38, LastErrorDetails: Failed to pull ACR Image., Details: Finished pulling container image and mounting volumes for app-desicon-fw-api-dev. Allocatinng the rest of the container resources to finish container creation., DetailsLevel: INFO
2026-08-07T05:03:26.5486427Z Creating container.
2026-08-07T05:03:26.5489167Z Creating pipes for streaming container io.
2026-08-07T05:03:26.5490074Z Creating stdout named pipe at /podr/container/pipe/d4d75ea2197b_app-desicon-fw-api-dev/stdout_ab89f2ceb398419dbbcc64288f184c17.
2026-08-07T05:03:26.5492217Z Successfully created stdout named pipe at: /podr/container/pipe/d4d75ea2197b_app-desicon-fw-api-dev/stdout_ab89f2ceb398419dbbcc64288f184c17.
2026-08-07T05:03:26.5493033Z Opening named pipe /podr/container/pipe/d4d75ea2197b_app-desicon-fw-api-dev/stdout_ab89f2ceb398419dbbcc64288f184c17 for reading in non-blocking mode.
2026-08-07T05:03:26.5493886Z Successfully opened named pipe: /podr/container/pipe/d4d75ea2197b_app-desicon-fw-api-dev/stdout_ab89f2ceb398419dbbcc64288f184c17.
2026-08-07T05:03:26.5494411Z Successfully removed non-blocking flag from /podr/container/pipe/d4d75ea2197b_app-desicon-fw-api-dev/stdout_ab89f2ceb398419dbbcc64288f184c17.
2026-08-07T05:03:26.5495626Z Creating stderr named pipe at /podr/container/pipe/d4d75ea2197b_app-desicon-fw-api-dev/stderr_8c8c0b60a3554647b19e33fbed153c22.
2026-08-07T05:03:26.5496684Z Successfully created stderr named pipe at: /podr/container/pipe/d4d75ea2197b_app-desicon-fw-api-dev/stderr_8c8c0b60a3554647b19e33fbed153c22.
2026-08-07T05:03:26.5497325Z Opening named pipe /podr/container/pipe/d4d75ea2197b_app-desicon-fw-api-dev/stderr_8c8c0b60a3554647b19e33fbed153c22 for reading in non-blocking mode.
2026-08-07T05:03:26.5514199Z Successfully opened named pipe: /podr/container/pipe/d4d75ea2197b_app-desicon-fw-api-dev/stderr_8c8c0b60a3554647b19e33fbed153c22.
2026-08-07T05:03:26.5531758Z Successfully removed non-blocking flag from /podr/container/pipe/d4d75ea2197b_app-desicon-fw-api-dev/stderr_8c8c0b60a3554647b19e33fbed153c22.
2026-08-07T05:03:26.5533134Z Overriding PORT environment variable with port exposed by container image.
2026-08-07T05:03:26.5757405Z Container image exposes ports: ContainerExposedPort { Port = 8080, Protocol = TCP }. Sanitized list of ports is: 8080. Resolved main port to 8080.
2026-08-07T05:03:26.5758181Z Setting value of PORT variable to 8080
2026-08-07T05:03:26.5759917Z Creating container with image: crdesiconfwdev.azurecr.io/finance-workflow-api:2a9c547c97215feea1bdc37fda6bea4a8ee7b159 from registry: crdesiconfwdev.azurecr.io and fully qualified image name: crdesiconfwdev.azurecr.io/finance-workflow-api:2a9c547c97215feea1bdc37fda6bea4a8ee7b159
2026-08-07T05:03:26.7233809Z Starting container: d4d75ea2197b_app-desicon-fw-api-dev.
2026-08-07T05:03:26.7390237Z Starting watchers and probes.
2026-08-07T05:03:26.7392489Z Starting metrics collection.
2026-08-07T05:03:26.7393431Z Container is running.
2026-08-07T05:03:26.7394089Z State: Starting, Action: CreatingContainer, LastError: ACRImageFailure, LastErrorTimestamp: 08/07/2026 05:02:38, LastErrorDetails: Failed to pull ACR Image., Details: Container app-desicon-fw-api-dev successfully created and is running., DetailsLevel: INFO
2026-08-07T05:03:26.7568756Z Container start method finished after 965 ms.
2026-08-07T05:03:26.7612609Z State: Starting, Action: InitiatingSiteWarmUpProbe, LastError: ACRImageFailure, LastErrorTimestamp: 08/07/2026 05:02:38, LastErrorDetails: Failed to pull ACR Image., Details: Container app-desicon-fw-api-dev successfully created and is running., DetailsLevel: INFO
2026-08-07T05:03:26.7612984Z State: Starting, Action: WaitingForSiteWarmUpProbeSuccess, LastError: ACRImageFailure, LastErrorTimestamp: 08/07/2026 05:02:38, LastErrorDetails: Failed to pull ACR Image., Details: Pinging warmup path to ensure container is ready to receive requests., DetailsLevel: INFO
2026-08-07T05:03:27.9294520Z Site startup probe succeeded after 1.1677249 seconds.
2026-08-07T05:03:27.9617724Z State: Starting, Action: WarmUpProbeSucceeded, LastError: ACRImageFailure, LastErrorTimestamp: 08/07/2026 05:02:38, LastErrorDetails: Failed to pull ACR Image., Details: Site startup probe succeeded after 1.1677249 seconds., DetailsLevel: INFO
2026-08-07T05:03:28.0138575Z State: Starting, Action: StartingAuthContainer, LastError: ACRImageFailure, LastErrorTimestamp: 08/07/2026 05:02:38, LastErrorDetails: Failed to pull ACR Image., Details: Site startup probe succeeded after 1.1677249 seconds., DetailsLevel: INFO
2026-08-07T05:03:30.9429099Z Site started.
2026-08-07T05:03:30.9447154Z State: Started, Action: None, LastError: ACRImageFailure, LastErrorTimestamp: 08/07/2026 05:02:38, LastErrorDetails: Failed to pull ACR Image., Details: Site started at 08/07/2026 05:03:30 (UTC), DetailsLevel: INFO
2026-08-07T11:32:48.8327759Z State: Starting, Action: EstablishingSiteNetworks, LastError: , LastErrorTimestamp: 01/01/0001 00:00:00, LastErrorDetails: , Details: , DetailsLevel: INFO
2026-08-07T11:32:48.9226875Z State: Stopping, Action: CancellingStartup, LastError: SiteStartupCancelled, LastErrorTimestamp: 08/07/2026 11:32:48, LastErrorDetails: Site stopped manually or container terminated, Details: Site stopped manually or container terminated, DetailsLevel: WARN
2026-08-07T11:32:48.9263777Z State: Stopping, Action: StoppingSite, LastError: SiteStartupCancelled, LastErrorTimestamp: 08/07/2026 11:32:48, LastErrorDetails: Site stopped manually or container terminated, Details: Site stopped manually or container terminated, DetailsLevel: WARN
2026-08-07T11:32:48.9268531Z State: Stopping, Action: StoppingSiteContainers, LastError: SiteStartupCancelled, LastErrorTimestamp: 08/07/2026 11:32:48, LastErrorDetails: Site stopped manually or container terminated, Details: Site stopped manually or container terminated, DetailsLevel: WARN
2026-08-07T11:32:48.9268762Z Site: app-desicon-fw-api-dev stopped.
2026-08-07T11:33:09.1067389Z State: Stopping, Action: StoppingSite, LastError: ACRImageFailure, LastErrorTimestamp: 08/07/2026 05:02:38, LastErrorDetails: Failed to pull ACR Image., Details: Site started at 08/07/2026 05:03:30 (UTC), DetailsLevel: INFO
2026-08-07T11:33:09.1070966Z State: Stopping, Action: StoppingSiteContainers, LastError: ACRImageFailure, LastErrorTimestamp: 08/07/2026 05:02:38, LastErrorDetails: Failed to pull ACR Image., Details: Site started at 08/07/2026 05:03:30 (UTC), DetailsLevel: INFO
2026-08-07T11:33:09.1081099Z Container is terminating. Grace period: 5 seconds.
2026-08-07T11:33:09.1096595Z Stop and delete container. Retry count = 0
2026-08-07T11:33:09.1097360Z Stopping container: d4d75ea2197b_app-desicon-fw-api-dev.
2026-08-07T11:33:09.1902765Z Deleting container: d4d75ea2197b_app-desicon-fw-api-dev. Retry count = 0
2026-08-07T11:33:09.2352549Z Container spec TerminationMessagePolicy  path 
2026-08-07T11:33:09.2400158Z Container is terminated. Total time elapsed: 131 ms.
2026-08-07T11:33:09.5289903Z Site: app-desicon-fw-api-dev stopped.
2026-08-07T11:33:29.9049777Z State: Starting, Action: EstablishingSiteNetworks, LastError: SiteStartupCancelled, LastErrorTimestamp: 08/07/2026 11:32:48, LastErrorDetails: Site stopped manually or container terminated, Details: Site stopped at 08/07/2026 11:32:48 (UTC), DetailsLevel: WARN
2026-08-07T11:33:30.6513504Z State: Starting, Action: StartingMsiContainer, LastError: SiteStartupCancelled, LastErrorTimestamp: 08/07/2026 11:32:48, LastErrorDetails: Site stopped manually or container terminated, Details: Site stopped at 08/07/2026 11:32:48 (UTC), DetailsLevel: WARN
2026-08-07T11:33:34.6213385Z State: Starting, Action: StartingSiteContainers, LastError: SiteStartupCancelled, LastErrorTimestamp: 08/07/2026 11:32:48, LastErrorDetails: Site stopped manually or container terminated, Details: Site stopped at 08/07/2026 11:32:48 (UTC), DetailsLevel: WARN
2026-08-07T11:33:34.6214616Z Container start method called.
2026-08-07T11:33:34.6215171Z State: Starting, Action: PullingImage, LastError: SiteStartupCancelled, LastErrorTimestamp: 08/07/2026 11:32:48, LastErrorDetails: Site stopped manually or container terminated, Details: Pulling image crdesiconfwdev.azurecr.io/finance-workflow-api:77bebc1b4a4a0a6f7de8d3f8dcd97ab0db5d7c3d for app-desicon-fw-api-dev., DetailsLevel: INFO
2026-08-07T11:33:34.6215822Z Establishing network.
2026-08-07T11:33:34.6216701Z Pulling image: crdesiconfwdev.azurecr.io/finance-workflow-api:77bebc1b4a4a0a6f7de8d3f8dcd97ab0db5d7c3d.
2026-08-07T11:33:35.9498280Z Image crdesiconfwdev.azurecr.io/finance-workflow-api:77bebc1b4a4a0a6f7de8d3f8dcd97ab0db5d7c3d is pulled from registry crdesiconfwdev.azurecr.io
2026-08-07T11:33:35.9499324Z Container is starting.
2026-08-07T11:33:35.9500426Z State: Starting, Action: MountingVolumes, LastError: SiteStartupCancelled, LastErrorTimestamp: 08/07/2026 11:32:48, LastErrorDetails: Site stopped manually or container terminated, Details: Mounting volumes for app-desicon-fw-api-dev., DetailsLevel: INFO
2026-08-07T11:33:35.9501241Z Establishing user namespace if not established already.
2026-08-07T11:33:35.9504071Z Establishing network if not established already.
2026-08-07T11:33:35.9505754Z Mounting volumes.
2026-08-07T11:33:35.9510419Z Nested mountpoint volatile/logs
2026-08-07T11:33:35.9542989Z Nested mountpoint 
2026-08-07T11:33:35.9605251Z Nested mountpoint 
2026-08-07T11:33:35.9779328Z State: Starting, Action: CreatingContainer, LastError: SiteStartupCancelled, LastErrorTimestamp: 08/07/2026 11:32:48, LastErrorDetails: Site stopped manually or container terminated, Details: Finished pulling container image and mounting volumes for app-desicon-fw-api-dev. Allocatinng the rest of the container resources to finish container creation., DetailsLevel: INFO
2026-08-07T11:33:35.9780968Z Creating container.
2026-08-07T11:33:35.9787149Z Creating pipes for streaming container io.
2026-08-07T11:33:35.9793659Z Creating stdout named pipe at /podr/container/pipe/c706988ce5db_app-desicon-fw-api-dev/stdout_e352e9414f324c6f9ae988219f6dc6f8.
2026-08-07T11:33:35.9808857Z Successfully created stdout named pipe at: /podr/container/pipe/c706988ce5db_app-desicon-fw-api-dev/stdout_e352e9414f324c6f9ae988219f6dc6f8.
2026-08-07T11:33:35.9812865Z Opening named pipe /podr/container/pipe/c706988ce5db_app-desicon-fw-api-dev/stdout_e352e9414f324c6f9ae988219f6dc6f8 for reading in non-blocking mode.
2026-08-07T11:33:35.9849415Z Successfully opened named pipe: /podr/container/pipe/c706988ce5db_app-desicon-fw-api-dev/stdout_e352e9414f324c6f9ae988219f6dc6f8.
2026-08-07T11:33:35.9851153Z Successfully removed non-blocking flag from /podr/container/pipe/c706988ce5db_app-desicon-fw-api-dev/stdout_e352e9414f324c6f9ae988219f6dc6f8.
2026-08-07T11:33:35.9877214Z Creating stderr named pipe at /podr/container/pipe/c706988ce5db_app-desicon-fw-api-dev/stderr_71fdb260d8cf47f282d93d8651d0f218.
2026-08-07T11:33:35.9887547Z Successfully created stderr named pipe at: /podr/container/pipe/c706988ce5db_app-desicon-fw-api-dev/stderr_71fdb260d8cf47f282d93d8651d0f218.
2026-08-07T11:33:35.9888665Z Opening named pipe /podr/container/pipe/c706988ce5db_app-desicon-fw-api-dev/stderr_71fdb260d8cf47f282d93d8651d0f218 for reading in non-blocking mode.
2026-08-07T11:33:35.9889567Z Successfully opened named pipe: /podr/container/pipe/c706988ce5db_app-desicon-fw-api-dev/stderr_71fdb260d8cf47f282d93d8651d0f218.
2026-08-07T11:33:35.9890140Z Successfully removed non-blocking flag from /podr/container/pipe/c706988ce5db_app-desicon-fw-api-dev/stderr_71fdb260d8cf47f282d93d8651d0f218.
2026-08-07T11:33:35.9891121Z Overriding PORT environment variable with port exposed by container image.
2026-08-07T11:33:36.0041709Z Container image exposes ports: ContainerExposedPort { Port = 8080, Protocol = TCP }. Sanitized list of ports is: 8080. Resolved main port to 8080.
2026-08-07T11:33:36.0046462Z Setting value of PORT variable to 8080
2026-08-07T11:33:36.0057856Z Creating container with image: crdesiconfwdev.azurecr.io/finance-workflow-api:77bebc1b4a4a0a6f7de8d3f8dcd97ab0db5d7c3d from registry: crdesiconfwdev.azurecr.io and fully qualified image name: crdesiconfwdev.azurecr.io/finance-workflow-api:77bebc1b4a4a0a6f7de8d3f8dcd97ab0db5d7c3d
2026-08-07T11:33:36.1363690Z Starting container: c706988ce5db_app-desicon-fw-api-dev.
2026-08-07T11:33:36.1517431Z Starting watchers and probes.
2026-08-07T11:33:36.1525261Z Starting metrics collection.
2026-08-07T11:33:36.1529394Z Container is running.
2026-08-07T11:33:36.1534769Z State: Starting, Action: CreatingContainer, LastError: SiteStartupCancelled, LastErrorTimestamp: 08/07/2026 11:32:48, LastErrorDetails: Site stopped manually or container terminated, Details: Container app-desicon-fw-api-dev successfully created and is running., DetailsLevel: INFO
2026-08-07T11:33:36.1793739Z Container start method finished after 1557 ms.
2026-08-07T11:33:36.1802153Z State: Starting, Action: InitiatingSiteWarmUpProbe, LastError: SiteStartupCancelled, LastErrorTimestamp: 08/07/2026 11:32:48, LastErrorDetails: Site stopped manually or container terminated, Details: Container app-desicon-fw-api-dev successfully created and is running., DetailsLevel: INFO
2026-08-07T11:33:36.1804677Z State: Starting, Action: WaitingForSiteWarmUpProbeSuccess, LastError: SiteStartupCancelled, LastErrorTimestamp: 08/07/2026 11:32:48, LastErrorDetails: Site stopped manually or container terminated, Details: Pinging warmup path to ensure container is ready to receive requests., DetailsLevel: INFO
2026-08-07T11:33:37.3377436Z Site startup probe succeeded after 1.1564358 seconds.
2026-08-07T11:33:37.3709303Z State: Starting, Action: WarmUpProbeSucceeded, LastError: SiteStartupCancelled, LastErrorTimestamp: 08/07/2026 11:32:48, LastErrorDetails: Site stopped manually or container terminated, Details: Site startup probe succeeded after 1.1564358 seconds., DetailsLevel: INFO
2026-08-07T11:33:37.4157194Z State: Starting, Action: StartingAuthContainer, LastError: SiteStartupCancelled, LastErrorTimestamp: 08/07/2026 11:32:48, LastErrorDetails: Site stopped manually or container terminated, Details: Site startup probe succeeded after 1.1564358 seconds., DetailsLevel: INFO
2026-08-07T11:33:40.4399874Z Site started.
2026-08-07T11:33:40.4415723Z State: Started, Action: None, LastError: SiteStartupCancelled, LastErrorTimestamp: 08/07/2026 11:32:48, LastErrorDetails: Site stopped manually or container terminated, Details: Site started at 08/07/2026 11:33:40 (UTC), DetailsLevel: INFO
2026-08-07T17:29:52.4173565Z State: Starting, Action: EstablishingSiteNetworks, LastError: , LastErrorTimestamp: 01/01/0001 00:00:00, LastErrorDetails: , Details: , DetailsLevel: INFO
2026-08-07T17:29:53.2100957Z State: Starting, Action: StartingMsiContainer, LastError: , LastErrorTimestamp: 01/01/0001 00:00:00, LastErrorDetails: , Details: , DetailsLevel: INFO
2026-08-07T17:29:57.1784420Z State: Starting, Action: StartingSiteContainers, LastError: , LastErrorTimestamp: 01/01/0001 00:00:00, LastErrorDetails: , Details: , DetailsLevel: INFO
2026-08-07T17:29:57.1785618Z Container start method called.
2026-08-07T17:29:57.1786099Z State: Starting, Action: PullingImage, LastError: , LastErrorTimestamp: 01/01/0001 00:00:00, LastErrorDetails: , Details: Pulling image crdesiconfwdev.azurecr.io/finance-workflow-api:46badca837e88d0f3942940d1e95de6e485e8ef1 for app-desicon-fw-api-dev., DetailsLevel: INFO
2026-08-07T17:29:57.1786777Z Establishing network.
2026-08-07T17:29:57.1787658Z Pulling image: crdesiconfwdev.azurecr.io/finance-workflow-api:46badca837e88d0f3942940d1e95de6e485e8ef1.
2026-08-07T17:29:58.3772581Z Image crdesiconfwdev.azurecr.io/finance-workflow-api:46badca837e88d0f3942940d1e95de6e485e8ef1 is pulled from registry crdesiconfwdev.azurecr.io
2026-08-07T17:29:58.3775539Z Container is starting.
2026-08-07T17:29:58.3776288Z State: Starting, Action: MountingVolumes, LastError: , LastErrorTimestamp: 01/01/0001 00:00:00, LastErrorDetails: , Details: Mounting volumes for app-desicon-fw-api-dev., DetailsLevel: INFO
2026-08-07T17:29:58.3777112Z Establishing user namespace if not established already.
2026-08-07T17:29:58.3778052Z Establishing network if not established already.
2026-08-07T17:29:58.3778980Z Mounting volumes.
2026-08-07T17:29:58.3780256Z Nested mountpoint volatile/logs
2026-08-07T17:29:58.3818863Z Nested mountpoint 
2026-08-07T17:29:58.3851552Z Nested mountpoint 
2026-08-07T17:29:58.4131077Z State: Starting, Action: CreatingContainer, LastError: , LastErrorTimestamp: 01/01/0001 00:00:00, LastErrorDetails: , Details: Finished pulling container image and mounting volumes for app-desicon-fw-api-dev. Allocatinng the rest of the container resources to finish container creation., DetailsLevel: INFO
2026-08-07T17:29:58.4135748Z Creating container.
2026-08-07T17:29:58.4139824Z Creating pipes for streaming container io.
2026-08-07T17:29:58.4145670Z Creating stdout named pipe at /podr/container/pipe/257bc3c2e9c7_app-desicon-fw-api-dev/stdout_d489a3d040a54753b173e4d1fddd2aac.
2026-08-07T17:29:58.4152387Z Successfully created stdout named pipe at: /podr/container/pipe/257bc3c2e9c7_app-desicon-fw-api-dev/stdout_d489a3d040a54753b173e4d1fddd2aac.
2026-08-07T17:29:58.4180350Z Opening named pipe /podr/container/pipe/257bc3c2e9c7_app-desicon-fw-api-dev/stdout_d489a3d040a54753b173e4d1fddd2aac for reading in non-blocking mode.
2026-08-07T17:29:58.4183509Z Successfully opened named pipe: /podr/container/pipe/257bc3c2e9c7_app-desicon-fw-api-dev/stdout_d489a3d040a54753b173e4d1fddd2aac.
2026-08-07T17:29:58.4186612Z Successfully removed non-blocking flag from /podr/container/pipe/257bc3c2e9c7_app-desicon-fw-api-dev/stdout_d489a3d040a54753b173e4d1fddd2aac.
2026-08-07T17:29:58.4251569Z Creating stderr named pipe at /podr/container/pipe/257bc3c2e9c7_app-desicon-fw-api-dev/stderr_9c29bce3edd24a4989ff66d5d9a6b29c.
2026-08-07T17:29:58.4254937Z Successfully created stderr named pipe at: /podr/container/pipe/257bc3c2e9c7_app-desicon-fw-api-dev/stderr_9c29bce3edd24a4989ff66d5d9a6b29c.
2026-08-07T17:29:58.4260499Z Opening named pipe /podr/container/pipe/257bc3c2e9c7_app-desicon-fw-api-dev/stderr_9c29bce3edd24a4989ff66d5d9a6b29c for reading in non-blocking mode.
2026-08-07T17:29:58.4264665Z Successfully opened named pipe: /podr/container/pipe/257bc3c2e9c7_app-desicon-fw-api-dev/stderr_9c29bce3edd24a4989ff66d5d9a6b29c.
2026-08-07T17:29:58.4268463Z Successfully removed non-blocking flag from /podr/container/pipe/257bc3c2e9c7_app-desicon-fw-api-dev/stderr_9c29bce3edd24a4989ff66d5d9a6b29c.
2026-08-07T17:29:58.4284899Z Overriding PORT environment variable with port exposed by container image.
2026-08-07T17:29:58.4458302Z Container image exposes ports: ContainerExposedPort { Port = 8080, Protocol = TCP }. Sanitized list of ports is: 8080. Resolved main port to 8080.
2026-08-07T17:29:58.4459187Z Setting value of PORT variable to 8080
2026-08-07T17:29:58.4464180Z Creating container with image: crdesiconfwdev.azurecr.io/finance-workflow-api:46badca837e88d0f3942940d1e95de6e485e8ef1 from registry: crdesiconfwdev.azurecr.io and fully qualified image name: crdesiconfwdev.azurecr.io/finance-workflow-api:46badca837e88d0f3942940d1e95de6e485e8ef1
2026-08-07T17:29:58.5974008Z Starting container: 257bc3c2e9c7_app-desicon-fw-api-dev.
2026-08-07T17:29:58.6144951Z Starting watchers and probes.
2026-08-07T17:29:58.6147639Z Starting metrics collection.
2026-08-07T17:29:58.6148713Z Container is running.
2026-08-07T17:29:58.6149556Z State: Starting, Action: CreatingContainer, LastError: , LastErrorTimestamp: 01/01/0001 00:00:00, LastErrorDetails: , Details: Container app-desicon-fw-api-dev successfully created and is running., DetailsLevel: INFO
2026-08-07T17:29:58.6278706Z Container start method finished after 1449 ms.
2026-08-07T17:29:58.6281673Z State: Starting, Action: InitiatingSiteWarmUpProbe, LastError: , LastErrorTimestamp: 01/01/0001 00:00:00, LastErrorDetails: , Details: Container app-desicon-fw-api-dev successfully created and is running., DetailsLevel: INFO
2026-08-07T17:29:58.6281971Z State: Starting, Action: WaitingForSiteWarmUpProbeSuccess, LastError: , LastErrorTimestamp: 01/01/0001 00:00:00, LastErrorDetails: , Details: Pinging warmup path to ensure container is ready to receive requests., DetailsLevel: INFO
2026-08-07T17:29:59.7889558Z Site startup probe succeeded after 1.1559442 seconds.
2026-08-07T17:29:59.8392083Z State: Starting, Action: WarmUpProbeSucceeded, LastError: , LastErrorTimestamp: 01/01/0001 00:00:00, LastErrorDetails: , Details: Site startup probe succeeded after 1.1559442 seconds., DetailsLevel: INFO
2026-08-07T17:29:59.9040683Z State: Starting, Action: StartingAuthContainer, LastError: , LastErrorTimestamp: 01/01/0001 00:00:00, LastErrorDetails: , Details: Site startup probe succeeded after 1.1559442 seconds., DetailsLevel: INFO
2026-08-07T17:30:02.5123716Z State: Stopping, Action: CancellingStartup, LastError: SiteStartupCancelled, LastErrorTimestamp: 08/07/2026 17:30:02, LastErrorDetails: Site stopped manually or container terminated, Details: Site stopped manually or container terminated, DetailsLevel: WARN
2026-08-07T17:30:02.5206999Z State: Stopping, Action: StoppingSite, LastError: SiteStartupCancelled, LastErrorTimestamp: 08/07/2026 17:30:02, LastErrorDetails: Site stopped manually or container terminated, Details: Site stopped manually or container terminated, DetailsLevel: WARN
2026-08-07T17:30:02.5224551Z State: Stopping, Action: StoppingSiteContainers, LastError: SiteStartupCancelled, LastErrorTimestamp: 08/07/2026 17:30:02, LastErrorDetails: Site stopped manually or container terminated, Details: Site stopped manually or container terminated, DetailsLevel: WARN
2026-08-07T17:30:02.5225946Z Container is terminating. Grace period: 5 seconds.
2026-08-07T17:30:02.5244189Z Stop and delete container. Retry count = 0
2026-08-07T17:30:02.5245026Z Stopping container: 257bc3c2e9c7_app-desicon-fw-api-dev.
2026-08-07T17:30:02.8239843Z Deleting container: 257bc3c2e9c7_app-desicon-fw-api-dev. Retry count = 0
2026-08-07T17:30:03.0928551Z Container spec TerminationMessagePolicy  path 
2026-08-07T17:30:03.0930204Z Container is terminated. Total time elapsed: 570 ms.
2026-08-07T17:30:03.0930880Z Site container: app-desicon-fw-api-dev terminated during site startup.
2026-08-07T17:30:03.0931675Z State: Stopping, Action: CancellingStartup, LastError: SiteStartupCancelled, LastErrorTimestamp: 08/07/2026 17:30:02, LastErrorDetails: Site stopped manually or container terminated, Details: Site container: app-desicon-fw-api-dev terminated during site startup. Cancelling site startup., DetailsLevel: ERR
2026-08-07T17:30:03.5260021Z Site container: app-desicon-fw-api-dev_managedIdentity terminated during site startup.
2026-08-07T17:30:03.5263616Z State: Stopping, Action: CancellingStartup, LastError: SiteStartupCancelled, LastErrorTimestamp: 08/07/2026 17:30:02, LastErrorDetails: Site stopped manually or container terminated, Details: Site container: app-desicon-fw-api-dev terminated during site startup. Cancelling site startup., DetailsLevel: ERR
2026-08-07T17:30:03.5540397Z Site container: app-desicon-fw-api-dev_middleware terminated during site startup.
2026-08-07T17:30:03.5541282Z State: Stopping, Action: CancellingStartup, LastError: SiteStartupCancelled, LastErrorTimestamp: 08/07/2026 17:30:02, LastErrorDetails: Site stopped manually or container terminated, Details: Site container: app-desicon-fw-api-dev terminated during site startup. Cancelling site startup., DetailsLevel: ERR
2026-08-07T17:30:03.5542361Z Site: app-desicon-fw-api-dev stopped.
2026-08-07T17:30:24.5184550Z State: Stopping, Action: StoppingSite, LastError: SiteStartupCancelled, LastErrorTimestamp: 08/07/2026 11:32:48, LastErrorDetails: Site stopped manually or container terminated, Details: Site started at 08/07/2026 11:33:40 (UTC), DetailsLevel: INFO
2026-08-07T17:30:24.5188165Z State: Stopping, Action: StoppingSiteContainers, LastError: SiteStartupCancelled, LastErrorTimestamp: 08/07/2026 11:32:48, LastErrorDetails: Site stopped manually or container terminated, Details: Site started at 08/07/2026 11:33:40 (UTC), DetailsLevel: INFO
2026-08-07T17:30:24.5189311Z Container is terminating. Grace period: 5 seconds.
2026-08-07T17:30:24.5215210Z Stop and delete container. Retry count = 0
2026-08-07T17:30:24.5216379Z Stopping container: c706988ce5db_app-desicon-fw-api-dev.
2026-08-07T17:30:24.6000268Z Deleting container: c706988ce5db_app-desicon-fw-api-dev. Retry count = 0
2026-08-07T17:30:24.6493242Z Container spec TerminationMessagePolicy  path 
2026-08-07T17:30:24.6495753Z Container is terminated. Total time elapsed: 130 ms.
2026-08-07T17:30:25.0190736Z Site: app-desicon-fw-api-dev stopped.
2026-08-07T17:30:45.7135275Z State: Starting, Action: EstablishingSiteNetworks, LastError: SiteStartupCancelled, LastErrorTimestamp: 08/07/2026 17:30:02, LastErrorDetails: Site stopped manually or container terminated, Details: Site stopped at 08/07/2026 17:30:04 (UTC), DetailsLevel: ERR
2026-08-07T17:30:46.4286198Z State: Starting, Action: StartingMsiContainer, LastError: SiteStartupCancelled, LastErrorTimestamp: 08/07/2026 17:30:02, LastErrorDetails: Site stopped manually or container terminated, Details: Site stopped at 08/07/2026 17:30:04 (UTC), DetailsLevel: ERR
2026-08-07T17:30:50.4297385Z State: Starting, Action: StartingSiteContainers, LastError: SiteStartupCancelled, LastErrorTimestamp: 08/07/2026 17:30:02, LastErrorDetails: Site stopped manually or container terminated, Details: Site stopped at 08/07/2026 17:30:04 (UTC), DetailsLevel: ERR
2026-08-07T17:30:50.4298571Z Container start method called.
2026-08-07T17:30:50.4299030Z State: Starting, Action: PullingImage, LastError: SiteStartupCancelled, LastErrorTimestamp: 08/07/2026 17:30:02, LastErrorDetails: Site stopped manually or container terminated, Details: Pulling image crdesiconfwdev.azurecr.io/finance-workflow-api:46badca837e88d0f3942940d1e95de6e485e8ef1 for app-desicon-fw-api-dev., DetailsLevel: INFO
2026-08-07T17:30:50.4299609Z Establishing network.
2026-08-07T17:30:50.4300460Z Pulling image: crdesiconfwdev.azurecr.io/finance-workflow-api:46badca837e88d0f3942940d1e95de6e485e8ef1.
2026-08-07T17:30:50.7940413Z Container is starting.
2026-08-07T17:30:50.7941617Z State: Starting, Action: MountingVolumes, LastError: SiteStartupCancelled, LastErrorTimestamp: 08/07/2026 17:30:02, LastErrorDetails: Site stopped manually or container terminated, Details: Mounting volumes for app-desicon-fw-api-dev., DetailsLevel: INFO
2026-08-07T17:30:50.7944494Z Establishing user namespace if not established already.
2026-08-07T17:30:50.7963886Z Establishing network if not established already.
2026-08-07T17:30:50.7965703Z Mounting volumes.
2026-08-07T17:30:50.7976049Z Nested mountpoint volatile/logs
2026-08-07T17:30:50.8010006Z Nested mountpoint 
2026-08-07T17:30:50.8015297Z Nested mountpoint 
2026-08-07T17:30:50.8064357Z State: Starting, Action: CreatingContainer, LastError: SiteStartupCancelled, LastErrorTimestamp: 08/07/2026 17:30:02, LastErrorDetails: Site stopped manually or container terminated, Details: Finished pulling container image and mounting volumes for app-desicon-fw-api-dev. Allocatinng the rest of the container resources to finish container creation., DetailsLevel: INFO
2026-08-07T17:30:50.8065017Z Creating container.
2026-08-07T17:30:50.8065632Z Creating pipes for streaming container io.
2026-08-07T17:30:50.8066154Z Creating stdout named pipe at /podr/container/pipe/a56e6351d06e_app-desicon-fw-api-dev/stdout_a141e29efb8948b79ed4b46d071332c0.
2026-08-07T17:30:50.8067778Z Successfully created stdout named pipe at: /podr/container/pipe/a56e6351d06e_app-desicon-fw-api-dev/stdout_a141e29efb8948b79ed4b46d071332c0.
2026-08-07T17:30:50.8068391Z Opening named pipe /podr/container/pipe/a56e6351d06e_app-desicon-fw-api-dev/stdout_a141e29efb8948b79ed4b46d071332c0 for reading in non-blocking mode.
2026-08-07T17:30:50.8069049Z Successfully opened named pipe: /podr/container/pipe/a56e6351d06e_app-desicon-fw-api-dev/stdout_a141e29efb8948b79ed4b46d071332c0.
2026-08-07T17:30:50.8069662Z Successfully removed non-blocking flag from /podr/container/pipe/a56e6351d06e_app-desicon-fw-api-dev/stdout_a141e29efb8948b79ed4b46d071332c0.
2026-08-07T17:30:50.8112693Z Creating stderr named pipe at /podr/container/pipe/a56e6351d06e_app-desicon-fw-api-dev/stderr_54a6239ee5be4a52aa4f2e23545ee15c.
2026-08-07T17:30:50.8115673Z Successfully created stderr named pipe at: /podr/container/pipe/a56e6351d06e_app-desicon-fw-api-dev/stderr_54a6239ee5be4a52aa4f2e23545ee15c.
2026-08-07T17:30:50.8120514Z Opening named pipe /podr/container/pipe/a56e6351d06e_app-desicon-fw-api-dev/stderr_54a6239ee5be4a52aa4f2e23545ee15c for reading in non-blocking mode.
2026-08-07T17:30:50.8121755Z Successfully opened named pipe: /podr/container/pipe/a56e6351d06e_app-desicon-fw-api-dev/stderr_54a6239ee5be4a52aa4f2e23545ee15c.
2026-08-07T17:30:50.8122534Z Successfully removed non-blocking flag from /podr/container/pipe/a56e6351d06e_app-desicon-fw-api-dev/stderr_54a6239ee5be4a52aa4f2e23545ee15c.
2026-08-07T17:30:50.8131134Z Overriding PORT environment variable with port exposed by container image.
2026-08-07T17:30:50.8341085Z Container image exposes ports: ContainerExposedPort { Port = 8080, Protocol = TCP }. Sanitized list of ports is: 8080. Resolved main port to 8080.
2026-08-07T17:30:50.8342187Z Setting value of PORT variable to 8080
2026-08-07T17:30:50.8343767Z Creating container with image: crdesiconfwdev.azurecr.io/finance-workflow-api:46badca837e88d0f3942940d1e95de6e485e8ef1 from registry: crdesiconfwdev.azurecr.io and fully qualified image name: crdesiconfwdev.azurecr.io/finance-workflow-api:46badca837e88d0f3942940d1e95de6e485e8ef1
2026-08-07T17:30:50.9610239Z Starting container: a56e6351d06e_app-desicon-fw-api-dev.
2026-08-07T17:30:50.9811513Z Starting watchers and probes.
2026-08-07T17:30:50.9816281Z Starting metrics collection.
2026-08-07T17:30:50.9825908Z Container is running.
2026-08-07T17:30:50.9826777Z State: Starting, Action: CreatingContainer, LastError: SiteStartupCancelled, LastErrorTimestamp: 08/07/2026 17:30:02, LastErrorDetails: Site stopped manually or container terminated, Details: Container app-desicon-fw-api-dev successfully created and is running., DetailsLevel: INFO
2026-08-07T17:30:50.9913338Z Container start method finished after 561 ms.
2026-08-07T17:30:50.9916307Z State: Starting, Action: InitiatingSiteWarmUpProbe, LastError: SiteStartupCancelled, LastErrorTimestamp: 08/07/2026 17:30:02, LastErrorDetails: Site stopped manually or container terminated, Details: Container app-desicon-fw-api-dev successfully created and is running., DetailsLevel: INFO
2026-08-07T17:30:50.9916594Z State: Starting, Action: WaitingForSiteWarmUpProbeSuccess, LastError: SiteStartupCancelled, LastErrorTimestamp: 08/07/2026 17:30:02, LastErrorDetails: Site stopped manually or container terminated, Details: Pinging warmup path to ensure container is ready to receive requests., DetailsLevel: INFO
2026-08-07T17:30:52.1551184Z Site startup probe succeeded after 1.1625937 seconds.
2026-08-07T17:30:52.1892146Z State: Starting, Action: WarmUpProbeSucceeded, LastError: SiteStartupCancelled, LastErrorTimestamp: 08/07/2026 17:30:02, LastErrorDetails: Site stopped manually or container terminated, Details: Site startup probe succeeded after 1.1625937 seconds., DetailsLevel: INFO
2026-08-07T17:30:52.2410681Z State: Starting, Action: StartingAuthContainer, LastError: SiteStartupCancelled, LastErrorTimestamp: 08/07/2026 17:30:02, LastErrorDetails: Site stopped manually or container terminated, Details: Site startup probe succeeded after 1.1625937 seconds., DetailsLevel: INFO
2026-08-07T17:30:55.1583758Z Site started.
2026-08-07T17:30:55.1585281Z State: Started, Action: None, LastError: SiteStartupCancelled, LastErrorTimestamp: 08/07/2026 17:30:02, LastErrorDetails: Site stopped manually or container terminated, Details: Site started at 08/07/2026 17:30:55 (UTC), DetailsLevel: INFO
