2026-08-08T00:15:48.5516828Z State: Starting, Action: EstablishingSiteNetworks, LastError: , LastErrorTimestamp: 01/01/0001 00:00:00, LastErrorDetails: , Details: , DetailsLevel: INFO
2026-08-08T00:15:49.3098843Z State: Starting, Action: StartingMsiContainer, LastError: , LastErrorTimestamp: 01/01/0001 00:00:00, LastErrorDetails: , Details: , DetailsLevel: INFO
2026-08-08T00:15:53.2429193Z State: Starting, Action: StartingSiteContainers, LastError: , LastErrorTimestamp: 01/01/0001 00:00:00, LastErrorDetails: , Details: , DetailsLevel: INFO
2026-08-08T00:15:53.2430586Z Container start method called.
2026-08-08T00:15:53.2431154Z State: Starting, Action: PullingImage, LastError: , LastErrorTimestamp: 01/01/0001 00:00:00, LastErrorDetails: , Details: Pulling image crdesiconfwdev.azurecr.io/finance-workflow-api:46badca837e88d0f3942940d1e95de6e485e8ef1 for app-desicon-fw-api-dev., DetailsLevel: INFO
2026-08-08T00:15:53.2431866Z Establishing network.
2026-08-08T00:15:53.2450040Z Pulling image: crdesiconfwdev.azurecr.io/finance-workflow-api:46badca837e88d0f3942940d1e95de6e485e8ef1.
2026-08-08T00:15:54.4045626Z Container is starting.
2026-08-08T00:15:54.4047095Z State: Starting, Action: MountingVolumes, LastError: , LastErrorTimestamp: 01/01/0001 00:00:00, LastErrorDetails: , Details: Mounting volumes for app-desicon-fw-api-dev., DetailsLevel: INFO
2026-08-08T00:15:54.4048120Z Establishing user namespace if not established already.
2026-08-08T00:15:54.4048712Z Establishing network if not established already.
2026-08-08T00:15:54.4049503Z Mounting volumes.
2026-08-08T00:15:54.4050604Z Nested mountpoint volatile/logs
2026-08-08T00:15:54.4148807Z Nested mountpoint 
2026-08-08T00:15:54.4154956Z Nested mountpoint 
2026-08-08T00:15:54.4228583Z State: Starting, Action: CreatingContainer, LastError: , LastErrorTimestamp: 01/01/0001 00:00:00, LastErrorDetails: , Details: Finished pulling container image and mounting volumes for app-desicon-fw-api-dev. Allocatinng the rest of the container resources to finish container creation., DetailsLevel: INFO
2026-08-08T00:15:54.4229273Z Creating container.
2026-08-08T00:15:54.4229897Z Creating pipes for streaming container io.
2026-08-08T00:15:54.4230440Z Creating stdout named pipe at /podr/container/pipe/deb26b5b5693_app-desicon-fw-api-dev/stdout_81008c00b44d4f739344cee7e474e5de.
2026-08-08T00:15:54.4232006Z Successfully created stdout named pipe at: /podr/container/pipe/deb26b5b5693_app-desicon-fw-api-dev/stdout_81008c00b44d4f739344cee7e474e5de.
2026-08-08T00:15:54.4232630Z Opening named pipe /podr/container/pipe/deb26b5b5693_app-desicon-fw-api-dev/stdout_81008c00b44d4f739344cee7e474e5de for reading in non-blocking mode.
2026-08-08T00:15:54.4233317Z Successfully opened named pipe: /podr/container/pipe/deb26b5b5693_app-desicon-fw-api-dev/stdout_81008c00b44d4f739344cee7e474e5de.
2026-08-08T00:15:54.4233933Z Successfully removed non-blocking flag from /podr/container/pipe/deb26b5b5693_app-desicon-fw-api-dev/stdout_81008c00b44d4f739344cee7e474e5de.
2026-08-08T00:15:54.4234759Z Creating stderr named pipe at /podr/container/pipe/deb26b5b5693_app-desicon-fw-api-dev/stderr_e057fb9947a44c8087ba0869c610b8b3.
2026-08-08T00:15:54.4235813Z Successfully created stderr named pipe at: /podr/container/pipe/deb26b5b5693_app-desicon-fw-api-dev/stderr_e057fb9947a44c8087ba0869c610b8b3.
2026-08-08T00:15:54.4236333Z Opening named pipe /podr/container/pipe/deb26b5b5693_app-desicon-fw-api-dev/stderr_e057fb9947a44c8087ba0869c610b8b3 for reading in non-blocking mode.
2026-08-08T00:15:54.4236984Z Successfully opened named pipe: /podr/container/pipe/deb26b5b5693_app-desicon-fw-api-dev/stderr_e057fb9947a44c8087ba0869c610b8b3.
2026-08-08T00:15:54.4237531Z Successfully removed non-blocking flag from /podr/container/pipe/deb26b5b5693_app-desicon-fw-api-dev/stderr_e057fb9947a44c8087ba0869c610b8b3.
2026-08-08T00:15:54.4238232Z Overriding PORT environment variable with port exposed by container image.
2026-08-08T00:15:54.4575535Z Container image exposes ports: ContainerExposedPort { Port = 8080, Protocol = TCP }. Sanitized list of ports is: 8080. Resolved main port to 8080.
2026-08-08T00:15:54.4576283Z Setting value of PORT variable to 8080
2026-08-08T00:15:54.4577945Z Creating container with image: crdesiconfwdev.azurecr.io/finance-workflow-api:46badca837e88d0f3942940d1e95de6e485e8ef1 from registry: crdesiconfwdev.azurecr.io and fully qualified image name: crdesiconfwdev.azurecr.io/finance-workflow-api:46badca837e88d0f3942940d1e95de6e485e8ef1
2026-08-08T00:15:54.5994749Z Starting container: deb26b5b5693_app-desicon-fw-api-dev.
2026-08-08T00:15:54.6255126Z Starting watchers and probes.
2026-08-08T00:15:54.6258058Z Starting metrics collection.
2026-08-08T00:15:54.6259044Z Container is running.
2026-08-08T00:15:54.6259870Z State: Starting, Action: CreatingContainer, LastError: , LastErrorTimestamp: 01/01/0001 00:00:00, LastErrorDetails: , Details: Container app-desicon-fw-api-dev successfully created and is running., DetailsLevel: INFO
2026-08-08T00:15:54.6485749Z Container start method finished after 1405 ms.
2026-08-08T00:15:54.6533691Z State: Starting, Action: InitiatingSiteWarmUpProbe, LastError: , LastErrorTimestamp: 01/01/0001 00:00:00, LastErrorDetails: , Details: Container app-desicon-fw-api-dev successfully created and is running., DetailsLevel: INFO
2026-08-08T00:15:54.6534149Z State: Starting, Action: WaitingForSiteWarmUpProbeSuccess, LastError: , LastErrorTimestamp: 01/01/0001 00:00:00, LastErrorDetails: , Details: Pinging warmup path to ensure container is ready to receive requests., DetailsLevel: INFO
2026-08-08T00:15:54.9187175Z Site startup probe failed after 0.2648897 seconds.
2026-08-08T00:15:54.9895762Z State: Starting, Action: WaitingForSiteWarmUpProbeSuccess, LastError: ContainerStartupFailure, LastErrorTimestamp: 08/08/2026 00:15:54, LastErrorDetails: The container did not complete startup successfully. Please inspect your container logs for more details., Details: Pinging warmup path to ensure container is ready to receive requests., DetailsLevel: ERR
2026-08-08T00:15:54.9907027Z Failed to start site. Revert by stopping site.
2026-08-08T00:15:54.9907879Z State: Stopping, Action: StoppingSite, LastError: ContainerStartupFailure, LastErrorTimestamp: 08/08/2026 00:15:54, LastErrorDetails: The container did not complete startup successfully. Please inspect your container logs for more details., Details: Pinging warmup path to ensure container is ready to receive requests., DetailsLevel: ERR
2026-08-08T00:15:54.9909516Z State: Stopping, Action: StoppingSiteContainers, LastError: ContainerStartupFailure, LastErrorTimestamp: 08/08/2026 00:15:54, LastErrorDetails: The container did not complete startup successfully. Please inspect your container logs for more details., Details: Pinging warmup path to ensure container is ready to receive requests., DetailsLevel: ERR
2026-08-08T00:15:54.9910174Z Container is terminating. Grace period: 5 seconds.
2026-08-08T00:15:55.0039250Z Stop and delete container. Retry count = 0
2026-08-08T00:15:55.0041723Z Stopping container: deb26b5b5693_app-desicon-fw-api-dev.
2026-08-08T00:15:57.2313615Z Deleting container: deb26b5b5693_app-desicon-fw-api-dev. Retry count = 0
2026-08-08T00:15:57.5882228Z Container spec TerminationMessagePolicy  path 
2026-08-08T00:15:57.5883422Z Container is terminated. Total time elapsed: 2597 ms.
2026-08-08T00:15:57.5883917Z Site container: app-desicon-fw-api-dev terminated during site startup.
2026-08-08T00:15:57.5884718Z State: Stopping, Action: CancellingStartup, LastError: ContainerStartupFailure, LastErrorTimestamp: 08/08/2026 00:15:54, LastErrorDetails: The container did not complete startup successfully. Please inspect your container logs for more details., Details: Site container: app-desicon-fw-api-dev terminated during site startup. Cancelling site startup., DetailsLevel: ERR
2026-08-08T00:15:57.8431617Z Site container: app-desicon-fw-api-dev_managedIdentity terminated during site startup.
2026-08-08T00:15:57.8434303Z State: Stopping, Action: CancellingStartup, LastError: ContainerStartupFailure, LastErrorTimestamp: 08/08/2026 00:15:54, LastErrorDetails: The container did not complete startup successfully. Please inspect your container logs for more details., Details: Site container: app-desicon-fw-api-dev terminated during site startup. Cancelling site startup., DetailsLevel: ERR
2026-08-08T00:15:57.8437506Z Site: app-desicon-fw-api-dev stopped.
2026-08-08T00:16:18.4541519Z State: Stopping, Action: StoppingSite, LastError: SiteStartupCancelled, LastErrorTimestamp: 08/07/2026 17:30:02, LastErrorDetails: Site stopped manually or container terminated, Details: Site started at 08/07/2026 17:30:55 (UTC), DetailsLevel: INFO
2026-08-08T00:16:18.4545019Z State: Stopping, Action: StoppingSiteContainers, LastError: SiteStartupCancelled, LastErrorTimestamp: 08/07/2026 17:30:02, LastErrorDetails: Site stopped manually or container terminated, Details: Site started at 08/07/2026 17:30:55 (UTC), DetailsLevel: INFO
2026-08-08T00:16:18.4546341Z Container is terminating. Grace period: 5 seconds.
2026-08-08T00:16:18.4561973Z Stop and delete container. Retry count = 0
2026-08-08T00:16:18.4563060Z Stopping container: a56e6351d06e_app-desicon-fw-api-dev.
2026-08-08T00:16:18.5301855Z Deleting container: a56e6351d06e_app-desicon-fw-api-dev. Retry count = 0
2026-08-08T00:16:18.5708356Z Container spec TerminationMessagePolicy  path 
2026-08-08T00:16:18.5756800Z Container is terminated. Total time elapsed: 120 ms.
2026-08-08T00:16:18.9380201Z Site: app-desicon-fw-api-dev stopped.
2026-08-08T00:16:39.4356142Z State: Starting, Action: EstablishingSiteNetworks, LastError: ContainerStartupFailure, LastErrorTimestamp: 08/08/2026 00:15:54, LastErrorDetails: The container did not complete startup successfully. Please inspect your container logs for more details., Details: Site stopped at 08/08/2026 00:15:58 (UTC), DetailsLevel: ERR
2026-08-08T00:16:40.0990877Z State: Starting, Action: StartingMsiContainer, LastError: ContainerStartupFailure, LastErrorTimestamp: 08/08/2026 00:15:54, LastErrorDetails: The container did not complete startup successfully. Please inspect your container logs for more details., Details: Site stopped at 08/08/2026 00:15:58 (UTC), DetailsLevel: ERR
2026-08-08T00:16:44.0426954Z State: Starting, Action: StartingSiteContainers, LastError: ContainerStartupFailure, LastErrorTimestamp: 08/08/2026 00:15:54, LastErrorDetails: The container did not complete startup successfully. Please inspect your container logs for more details., Details: Site stopped at 08/08/2026 00:15:58 (UTC), DetailsLevel: ERR
2026-08-08T00:16:44.0428293Z Container start method called.
2026-08-08T00:16:44.0428999Z State: Starting, Action: PullingImage, LastError: ContainerStartupFailure, LastErrorTimestamp: 08/08/2026 00:15:54, LastErrorDetails: The container did not complete startup successfully. Please inspect your container logs for more details., Details: Pulling image crdesiconfwdev.azurecr.io/finance-workflow-api:589f2a788f4c05c7458a73dac315604e4d422ffe for app-desicon-fw-api-dev., DetailsLevel: INFO
2026-08-08T00:16:44.0429861Z Establishing network.
2026-08-08T00:16:44.0441244Z Pulling image: crdesiconfwdev.azurecr.io/finance-workflow-api:589f2a788f4c05c7458a73dac315604e4d422ffe.
2026-08-08T00:16:44.7958485Z Image crdesiconfwdev.azurecr.io/finance-workflow-api:589f2a788f4c05c7458a73dac315604e4d422ffe is pulled from registry crdesiconfwdev.azurecr.io
2026-08-08T00:16:44.7959984Z Container is starting.
2026-08-08T00:16:44.7960768Z State: Starting, Action: MountingVolumes, LastError: ContainerStartupFailure, LastErrorTimestamp: 08/08/2026 00:15:54, LastErrorDetails: The container did not complete startup successfully. Please inspect your container logs for more details., Details: Mounting volumes for app-desicon-fw-api-dev., DetailsLevel: INFO
2026-08-08T00:16:44.7961383Z Establishing user namespace if not established already.
2026-08-08T00:16:44.7962018Z Establishing network if not established already.
2026-08-08T00:16:44.7962660Z Mounting volumes.
2026-08-08T00:16:44.7963662Z Nested mountpoint volatile/logs
2026-08-08T00:16:44.8051129Z Nested mountpoint 
2026-08-08T00:16:44.8057486Z Nested mountpoint 
2026-08-08T00:16:44.8255990Z State: Starting, Action: CreatingContainer, LastError: ContainerStartupFailure, LastErrorTimestamp: 08/08/2026 00:15:54, LastErrorDetails: The container did not complete startup successfully. Please inspect your container logs for more details., Details: Finished pulling container image and mounting volumes for app-desicon-fw-api-dev. Allocatinng the rest of the container resources to finish container creation., DetailsLevel: INFO
2026-08-08T00:16:44.8256799Z Creating container.
2026-08-08T00:16:44.8257477Z Creating pipes for streaming container io.
2026-08-08T00:16:44.8258058Z Creating stdout named pipe at /podr/container/pipe/4fc5a5fec338_app-desicon-fw-api-dev/stdout_c91d0ac8d7824fbb9c1cde9e4206329d.
2026-08-08T00:16:44.8259496Z Successfully created stdout named pipe at: /podr/container/pipe/4fc5a5fec338_app-desicon-fw-api-dev/stdout_c91d0ac8d7824fbb9c1cde9e4206329d.
2026-08-08T00:16:44.8260177Z Opening named pipe /podr/container/pipe/4fc5a5fec338_app-desicon-fw-api-dev/stdout_c91d0ac8d7824fbb9c1cde9e4206329d for reading in non-blocking mode.
2026-08-08T00:16:44.8260789Z Successfully opened named pipe: /podr/container/pipe/4fc5a5fec338_app-desicon-fw-api-dev/stdout_c91d0ac8d7824fbb9c1cde9e4206329d.
2026-08-08T00:16:44.8261322Z Successfully removed non-blocking flag from /podr/container/pipe/4fc5a5fec338_app-desicon-fw-api-dev/stdout_c91d0ac8d7824fbb9c1cde9e4206329d.
2026-08-08T00:16:44.8273115Z Creating stderr named pipe at /podr/container/pipe/4fc5a5fec338_app-desicon-fw-api-dev/stderr_8b49384c038b498a8f968004ccc1b982.
2026-08-08T00:16:44.8274855Z Successfully created stderr named pipe at: /podr/container/pipe/4fc5a5fec338_app-desicon-fw-api-dev/stderr_8b49384c038b498a8f968004ccc1b982.
2026-08-08T00:16:44.8275981Z Opening named pipe /podr/container/pipe/4fc5a5fec338_app-desicon-fw-api-dev/stderr_8b49384c038b498a8f968004ccc1b982 for reading in non-blocking mode.
2026-08-08T00:16:44.8277175Z Successfully opened named pipe: /podr/container/pipe/4fc5a5fec338_app-desicon-fw-api-dev/stderr_8b49384c038b498a8f968004ccc1b982.
2026-08-08T00:16:44.8281160Z Successfully removed non-blocking flag from /podr/container/pipe/4fc5a5fec338_app-desicon-fw-api-dev/stderr_8b49384c038b498a8f968004ccc1b982.
2026-08-08T00:16:44.8288318Z Overriding PORT environment variable with port exposed by container image.
2026-08-08T00:16:44.8383935Z Container image exposes ports: ContainerExposedPort { Port = 8080, Protocol = TCP }. Sanitized list of ports is: 8080. Resolved main port to 8080.
2026-08-08T00:16:44.8384612Z Setting value of PORT variable to 8080
2026-08-08T00:16:44.8386125Z Creating container with image: crdesiconfwdev.azurecr.io/finance-workflow-api:589f2a788f4c05c7458a73dac315604e4d422ffe from registry: crdesiconfwdev.azurecr.io and fully qualified image name: crdesiconfwdev.azurecr.io/finance-workflow-api:589f2a788f4c05c7458a73dac315604e4d422ffe
2026-08-08T00:16:44.9652269Z Starting container: 4fc5a5fec338_app-desicon-fw-api-dev.
2026-08-08T00:16:44.9793318Z Starting watchers and probes.
2026-08-08T00:16:44.9795405Z Starting metrics collection.
2026-08-08T00:16:44.9800869Z Container is running.
2026-08-08T00:16:44.9801712Z State: Starting, Action: CreatingContainer, LastError: ContainerStartupFailure, LastErrorTimestamp: 08/08/2026 00:15:54, LastErrorDetails: The container did not complete startup successfully. Please inspect your container logs for more details., Details: Container app-desicon-fw-api-dev successfully created and is running., DetailsLevel: INFO
2026-08-08T00:16:44.9972703Z Container start method finished after 954 ms.
2026-08-08T00:16:44.9975768Z State: Starting, Action: InitiatingSiteWarmUpProbe, LastError: ContainerStartupFailure, LastErrorTimestamp: 08/08/2026 00:15:54, LastErrorDetails: The container did not complete startup successfully. Please inspect your container logs for more details., Details: Container app-desicon-fw-api-dev successfully created and is running., DetailsLevel: INFO
2026-08-08T00:16:44.9976091Z State: Starting, Action: WaitingForSiteWarmUpProbeSuccess, LastError: ContainerStartupFailure, LastErrorTimestamp: 08/08/2026 00:15:54, LastErrorDetails: The container did not complete startup successfully. Please inspect your container logs for more details., Details: Pinging warmup path to ensure container is ready to receive requests., DetailsLevel: INFO
2026-08-08T00:16:48.2487799Z Site startup probe succeeded after 3.250564 seconds.
2026-08-08T00:16:48.2839100Z State: Starting, Action: WarmUpProbeSucceeded, LastError: ContainerStartupFailure, LastErrorTimestamp: 08/08/2026 00:15:54, LastErrorDetails: The container did not complete startup successfully. Please inspect your container logs for more details., Details: Site startup probe succeeded after 3.250564 seconds., DetailsLevel: INFO
2026-08-08T00:16:48.3360871Z State: Starting, Action: StartingAuthContainer, LastError: ContainerStartupFailure, LastErrorTimestamp: 08/08/2026 00:15:54, LastErrorDetails: The container did not complete startup successfully. Please inspect your container logs for more details., Details: Site startup probe succeeded after 3.250564 seconds., DetailsLevel: INFO
2026-08-08T00:16:51.1583484Z Site started.
2026-08-08T00:16:51.1585386Z State: Started, Action: None, LastError: ContainerStartupFailure, LastErrorTimestamp: 08/08/2026 00:15:54, LastErrorDetails: The container did not complete startup successfully. Please inspect your container logs for more details., Details: Site started at 08/08/2026 00:16:51 (UTC), DetailsLevel: INFO
2026-08-08T00:42:52.0771480Z State: Starting, Action: EstablishingSiteNetworks, LastError: , LastErrorTimestamp: 01/01/0001 00:00:00, LastErrorDetails: , Details: , DetailsLevel: INFO
2026-08-08T00:42:53.4235323Z State: Starting, Action: StartingMsiContainer, LastError: , LastErrorTimestamp: 01/01/0001 00:00:00, LastErrorDetails: , Details: , DetailsLevel: INFO
2026-08-08T00:42:56.3542875Z State: Starting, Action: StartingSiteContainers, LastError: , LastErrorTimestamp: 01/01/0001 00:00:00, LastErrorDetails: , Details: , DetailsLevel: INFO
2026-08-08T00:42:56.3550181Z Container start method called.
2026-08-08T00:42:56.3551083Z State: Starting, Action: PullingImage, LastError: , LastErrorTimestamp: 01/01/0001 00:00:00, LastErrorDetails: , Details: Pulling image crdesiconfwdev.azurecr.io/finance-workflow-api:589f2a788f4c05c7458a73dac315604e4d422ffe for app-desicon-fw-api-dev., DetailsLevel: INFO
2026-08-08T00:42:56.3552099Z Establishing network.
2026-08-08T00:42:56.3553086Z Pulling image: crdesiconfwdev.azurecr.io/finance-workflow-api:589f2a788f4c05c7458a73dac315604e4d422ffe.
2026-08-08T00:42:57.5212035Z Container is starting.
2026-08-08T00:42:57.5213199Z State: Starting, Action: MountingVolumes, LastError: , LastErrorTimestamp: 01/01/0001 00:00:00, LastErrorDetails: , Details: Mounting volumes for app-desicon-fw-api-dev., DetailsLevel: INFO
2026-08-08T00:42:57.5213901Z Establishing user namespace if not established already.
2026-08-08T00:42:57.5214472Z Establishing network if not established already.
2026-08-08T00:42:57.5215330Z Mounting volumes.
2026-08-08T00:42:57.5216406Z Nested mountpoint volatile/logs
2026-08-08T00:42:57.5270172Z Nested mountpoint 
2026-08-08T00:42:57.5275342Z Nested mountpoint 
2026-08-08T00:42:57.5414639Z State: Starting, Action: CreatingContainer, LastError: , LastErrorTimestamp: 01/01/0001 00:00:00, LastErrorDetails: , Details: Finished pulling container image and mounting volumes for app-desicon-fw-api-dev. Allocatinng the rest of the container resources to finish container creation., DetailsLevel: INFO
2026-08-08T00:42:57.5421309Z Creating container.
2026-08-08T00:42:57.5428624Z Creating pipes for streaming container io.
2026-08-08T00:42:57.5453922Z Creating stdout named pipe at /podr/container/pipe/392f3195fbfe_app-desicon-fw-api-dev/stdout_c75c90ff278340a39a9802af9548f79d.
2026-08-08T00:42:57.5458078Z Successfully created stdout named pipe at: /podr/container/pipe/392f3195fbfe_app-desicon-fw-api-dev/stdout_c75c90ff278340a39a9802af9548f79d.
2026-08-08T00:42:57.5462193Z Opening named pipe /podr/container/pipe/392f3195fbfe_app-desicon-fw-api-dev/stdout_c75c90ff278340a39a9802af9548f79d for reading in non-blocking mode.
2026-08-08T00:42:57.5488336Z Successfully opened named pipe: /podr/container/pipe/392f3195fbfe_app-desicon-fw-api-dev/stdout_c75c90ff278340a39a9802af9548f79d.
2026-08-08T00:42:57.5493887Z Successfully removed non-blocking flag from /podr/container/pipe/392f3195fbfe_app-desicon-fw-api-dev/stdout_c75c90ff278340a39a9802af9548f79d.
2026-08-08T00:42:57.5495104Z Creating stderr named pipe at /podr/container/pipe/392f3195fbfe_app-desicon-fw-api-dev/stderr_05d04fd92c584bccba32ef2b7dfe7948.
2026-08-08T00:42:57.5496257Z Successfully created stderr named pipe at: /podr/container/pipe/392f3195fbfe_app-desicon-fw-api-dev/stderr_05d04fd92c584bccba32ef2b7dfe7948.
2026-08-08T00:42:57.5496848Z Opening named pipe /podr/container/pipe/392f3195fbfe_app-desicon-fw-api-dev/stderr_05d04fd92c584bccba32ef2b7dfe7948 for reading in non-blocking mode.
2026-08-08T00:42:57.5497598Z Successfully opened named pipe: /podr/container/pipe/392f3195fbfe_app-desicon-fw-api-dev/stderr_05d04fd92c584bccba32ef2b7dfe7948.
2026-08-08T00:42:57.5498105Z Successfully removed non-blocking flag from /podr/container/pipe/392f3195fbfe_app-desicon-fw-api-dev/stderr_05d04fd92c584bccba32ef2b7dfe7948.
2026-08-08T00:42:57.5498892Z Overriding PORT environment variable with port exposed by container image.
2026-08-08T00:42:57.5798763Z Container image exposes ports: ContainerExposedPort { Port = 8080, Protocol = TCP }. Sanitized list of ports is: 8080. Resolved main port to 8080.
2026-08-08T00:42:57.5799805Z Setting value of PORT variable to 8080
2026-08-08T00:42:57.5801976Z Creating container with image: crdesiconfwdev.azurecr.io/finance-workflow-api:589f2a788f4c05c7458a73dac315604e4d422ffe from registry: crdesiconfwdev.azurecr.io and fully qualified image name: crdesiconfwdev.azurecr.io/finance-workflow-api:589f2a788f4c05c7458a73dac315604e4d422ffe
2026-08-08T00:42:57.7213690Z Starting container: 392f3195fbfe_app-desicon-fw-api-dev.
2026-08-08T00:42:57.7390561Z Starting watchers and probes.
2026-08-08T00:42:57.7393164Z Starting metrics collection.
2026-08-08T00:42:57.7394065Z Container is running.
2026-08-08T00:42:57.7395098Z State: Starting, Action: CreatingContainer, LastError: , LastErrorTimestamp: 01/01/0001 00:00:00, LastErrorDetails: , Details: Container app-desicon-fw-api-dev successfully created and is running., DetailsLevel: INFO
2026-08-08T00:42:57.7583870Z Container start method finished after 1403 ms.
2026-08-08T00:42:57.7586844Z State: Starting, Action: InitiatingSiteWarmUpProbe, LastError: , LastErrorTimestamp: 01/01/0001 00:00:00, LastErrorDetails: , Details: Container app-desicon-fw-api-dev successfully created and is running., DetailsLevel: INFO
2026-08-08T00:42:57.7587128Z State: Starting, Action: WaitingForSiteWarmUpProbeSuccess, LastError: , LastErrorTimestamp: 01/01/0001 00:00:00, LastErrorDetails: , Details: Pinging warmup path to ensure container is ready to receive requests., DetailsLevel: INFO
2026-08-08T00:42:58.9312644Z Site startup probe succeeded after 1.1625883 seconds.
2026-08-08T00:42:58.9897164Z State: Starting, Action: WarmUpProbeSucceeded, LastError: , LastErrorTimestamp: 01/01/0001 00:00:00, LastErrorDetails: , Details: Site startup probe succeeded after 1.1625883 seconds., DetailsLevel: INFO
2026-08-08T00:42:59.1011323Z State: Starting, Action: StartingAuthContainer, LastError: , LastErrorTimestamp: 01/01/0001 00:00:00, LastErrorDetails: , Details: Site startup probe succeeded after 1.1625883 seconds., DetailsLevel: INFO
2026-08-08T00:43:02.1326449Z Site started.
2026-08-08T00:43:02.1344649Z State: Started, Action: None, LastError: , LastErrorTimestamp: 01/01/0001 00:00:00, LastErrorDetails: , Details: Site started at 08/08/2026 00:43:02 (UTC), DetailsLevel: INFO
2026-08-08T00:43:22.2536186Z State: Stopping, Action: StoppingSite, LastError: ContainerStartupFailure, LastErrorTimestamp: 08/08/2026 00:15:54, LastErrorDetails: The container did not complete startup successfully. Please inspect your container logs for more details., Details: Site started at 08/08/2026 00:16:51 (UTC), DetailsLevel: INFO
2026-08-08T00:43:22.2538655Z State: Stopping, Action: StoppingSiteContainers, LastError: ContainerStartupFailure, LastErrorTimestamp: 08/08/2026 00:15:54, LastErrorDetails: The container did not complete startup successfully. Please inspect your container logs for more details., Details: Site started at 08/08/2026 00:16:51 (UTC), DetailsLevel: INFO
2026-08-08T00:43:22.2539430Z Container is terminating. Grace period: 5 seconds.
2026-08-08T00:43:22.2587313Z Stop and delete container. Retry count = 0
2026-08-08T00:43:22.2589323Z Stopping container: 4fc5a5fec338_app-desicon-fw-api-dev.
2026-08-08T00:43:22.3448267Z Deleting container: 4fc5a5fec338_app-desicon-fw-api-dev. Retry count = 0
2026-08-08T00:43:22.4025027Z Container spec TerminationMessagePolicy  path 
2026-08-08T00:43:22.4026888Z Container is terminated. Total time elapsed: 148 ms.
2026-08-08T00:43:22.7011023Z Site: app-desicon-fw-api-dev stopped.
